Archive member included to satisfy reference by file (symbol)

E:/Program files/STM32CubeIDE_1.18.1/STM32CubeIDE/plugins/com.st.stm32cube.ide.mcu.externaltools.gnu-tools-for-stm32.13.3.rel1.win32_1.0.100.202509120712/tools/bin/../lib/gcc/arm-none-eabi/13.3.1/../../../../arm-none-eabi/lib/thumb/v7-m/nofp\libc_nano.a(libc_a-exit.o)
                              E:/Program files/STM32CubeIDE_1.18.1/STM32CubeIDE/plugins/com.st.stm32cube.ide.mcu.externaltools.gnu-tools-for-stm32.13.3.rel1.win32_1.0.100.202509120712/tools/bin/../lib/gcc/arm-none-eabi/13.3.1/../../../../arm-none-eabi/lib/thumb/v7-m/nofp/crt0.o (exit)
E:/Program files/STM32CubeIDE_1.18.1/STM32CubeIDE/plugins/com.st.stm32cube.ide.mcu.externaltools.gnu-tools-for-stm32.13.3.rel1.win32_1.0.100.202509120712/tools/bin/../lib/gcc/arm-none-eabi/13.3.1/../../../../arm-none-eabi/lib/thumb/v7-m/nofp\libc_nano.a(libc_a-findfp.o)
                              E:/Program files/STM32CubeIDE_1.18.1/STM32CubeIDE/plugins/com.st.stm32cube.ide.mcu.externaltools.gnu-tools-for-stm32.13.3.rel1.win32_1.0.100.202509120712/tools/bin/../lib/gcc/arm-none-eabi/13.3.1/../../../../arm-none-eabi/lib/thumb/v7-m/nofp\libc_nano.a(libc_a-exit.o) (__stdio_exit_handler)
E:/Program files/STM32CubeIDE_1.18.1/STM32CubeIDE/plugins/com.st.stm32cube.ide.mcu.externaltools.gnu-tools-for-stm32.13.3.rel1.win32_1.0.100.202509120712/tools/bin/../lib/gcc/arm-none-eabi/13.3.1/../../../../arm-none-eabi/lib/thumb/v7-m/nofp\libc_nano.a(libc_a-fwalk.o)
                              E:/Program files/STM32CubeIDE_1.18.1/STM32CubeIDE/plugins/com.st.stm32cube.ide.mcu.externaltools.gnu-tools-for-stm32.13.3.rel1.win32_1.0.100.202509120712/tools/bin/../lib/gcc/arm-none-eabi/13.3.1/../../../../arm-none-eabi/lib/thumb/v7-m/nofp\libc_nano.a(libc_a-findfp.o) (_fwalk_sglue)
E:/Program files/STM32CubeIDE_1.18.1/STM32CubeIDE/plugins/com.st.stm32cube.ide.mcu.externaltools.gnu-tools-for-stm32.13.3.rel1.win32_1.0.100.202509120712/tools/bin/../lib/gcc/arm-none-eabi/13.3.1/../../../../arm-none-eabi/lib/thumb/v7-m/nofp\libc_nano.a(libc_a-snprintf.o)
                              ./Core/Src/general.o (snprintf)
E:/Program files/STM32CubeIDE_1.18.1/STM32CubeIDE/plugins/com.st.stm32cube.ide.mcu.externaltools.gnu-tools-for-stm32.13.3.rel1.win32_1.0.100.202509120712/tools/bin/../lib/gcc/arm-none-eabi/13.3.1/../../../../arm-none-eabi/lib/thumb/v7-m/nofp\libc_nano.a(libc_a-stdio.o)
                              E:/Program files/STM32CubeIDE_1.18.1/STM32CubeIDE/plugins/com.st.stm32cube.ide.mcu.externaltools.gnu-tools-for-stm32.13.3.rel1.win32_1.0.100.202509120712/tools/bin/../lib/gcc/arm-none-eabi/13.3.1/../../../../arm-none-eabi/lib/thumb/v7-m/nofp\libc_nano.a(libc_a-findfp.o) (__sread)
E:/Program files/STM32CubeIDE_1.18.1/STM32CubeIDE/plugins/com.st.stm32cube.ide.mcu.externaltools.gnu-tools-for-stm32.13.3.rel1.win32_1.0.100.202509120712/tools/bin/../lib/gcc/arm-none-eabi/13.3.1/../../../../arm-none-eabi/lib/thumb/v7-m/nofp\libc_nano.a(libc_a-memset.o)
                              E:/Program files/STM32CubeIDE_1.18.1/STM32CubeIDE/plugins/com.st.stm32cube.ide.mcu.externaltools.gnu-tools-for-stm32.13.3.rel1.win32_1.0.100.202509120712/tools/bin/../lib/gcc/arm-none-eabi/13.3.1/../../../../arm-none-eabi/lib/thumb/v7-m/nofp/crt0.o (memset)
E:/Program files/STM32CubeIDE_1.18.1/STM32CubeIDE/plugins/com.st.stm32cube.ide.mcu.externaltools.gnu-tools-for-stm32.13.3.rel1.win32_1.0.100.202509120712/tools/bin/../lib/gcc/arm-none-eabi/13.3.1/../../../../arm-none-eabi/lib/thumb/v7-m/nofp\libc_nano.a(libc_a-closer.o)
                              E:/Program files/STM32CubeIDE_1.18.1/STM32CubeIDE/plugins/com.st.stm32cube.ide.mcu.externaltools.gnu-tools-for-stm32.13.3.rel1.win32_1.0.100.202509120712/tools/bin/../lib/gcc/arm-none-eabi/13.3.1/../../../../arm-none-eabi/lib/thumb/v7-m/nofp\libc_nano.a(libc_a-stdio.o) (_close_r)
E:/Program files/STM32CubeIDE_1.18.1/STM32CubeIDE/plugins/com.st.stm32cube.ide.mcu.externaltools.gnu-tools-for-stm32.13.3.rel1.win32_1.0.100.202509120712/tools/bin/../lib/gcc/arm-none-eabi/13.3.1/../../../../arm-none-eabi/lib/thumb/v7-m/nofp\libc_nano.a(libc_a-reent.o)
                              E:/Program files/STM32CubeIDE_1.18.1/STM32CubeIDE/plugins/com.st.stm32cube.ide.mcu.externaltools.gnu-tools-for-stm32.13.3.rel1.win32_1.0.100.202509120712/tools/bin/../lib/gcc/arm-none-eabi/13.3.1/../../../../arm-none-eabi/lib/thumb/v7-m/nofp\libc_nano.a(libc_a-closer.o) (errno)
E:/Program files/STM32CubeIDE_1.18.1/STM32CubeIDE/plugins/com.st.stm32cube.ide.mcu.externaltools.gnu-tools-for-stm32.13.3.rel1.win32_1.0.100.202509120712/tools/bin/../lib/gcc/arm-none-eabi/13.3.1/../../../../arm-none-eabi/lib/thumb/v7-m/nofp\libc_nano.a(libc_a-impure.o)
[...]
Memory Configuration

Name             Origin             Length             Attributes
RAM              0x20000000         0x00005000         xrw
FLASH            0x08000000         0x00010000         xr
*default*        0x00000000         0xffffffff

Linker script and memory map

LOAD E:/Program files/STM32CubeIDE_1.18.1/STM32CubeIDE/plugins/com.st.stm32cube.ide.mcu.externaltools.gnu-tools-for-stm32.13.3.rel1.win32_1.0.100.202509120712/tools/bin/../lib/gcc/arm-none-eabi/13.3.1/thumb/v7-m/nofp/crti.o
LOAD E:/Program files/STM32CubeIDE_1.18.1/STM32CubeIDE/plugins/com.st.stm32cube.ide.mcu.externaltools.gnu-tools-for-stm32.13.3.rel1.win32_1.0.100.202509120712/tools/bin/../lib/gcc/arm-none-eabi/13.3.1/thumb/v7-m/nofp/crtbegin.o
LOAD E:/Program files/STM32CubeIDE_1.18.1/STM32CubeIDE/plugins/com.st.stm32cube.ide.mcu.externaltools.gnu-tools-for-stm32.13.3.rel1.win32_1.0.100.202509120712/tools/bin/../lib/gcc/arm-none-eabi/13.3.1/../../../../arm-none-eabi/lib/thumb/v7-m/nofp/crt0.o
LOAD ./Core/Src/general.o
LOAD ./Core/Src/led.o
LOAD ./Core/Src/main.o
LOAD ./Core/Src/motor.o
LOAD ./Core/Src/nrf24_rx.o
LOAD ./Core/Src/oled.o
LOAD ./Core/Src/stm32f1xx_hal_msp.o
LOAD ./Core/Src/stm32f1xx_it.o
LOAD ./Core/Src/syscalls.o
LOAD ./Core/Src/sysmem.o
LOAD ./Core/Src/system_stm32f1xx.o
LOAD ./Core/Startup/startup_stm32f103c8tx.o
LOAD ./Drivers/Middlewares/SSD1306/fonts.o
LOAD ./Drivers/Middlewares/SSD1306/ssd1306.o
LOAD ./Drivers/STM32F1xx_HAL_Driver/Src/stm32f1xx_hal.o
LOAD ./Drivers/STM32F1xx_HAL_Driver/Src/stm32f1xx_hal_cortex.o
LOAD ./Drivers/STM32F1xx_HAL_Driver/Src/stm32f1xx_hal_dma.o
LOAD ./Drivers/STM32F1xx_HAL_Driver/Src/stm32f1xx_hal_exti.o
LOAD ./Drivers/STM32F1xx_HAL_Driver/Src/stm32f1xx_hal_flash.o
LOAD ./Drivers/STM32F1xx_HAL_Driver/Src/stm32f1xx_hal_flash_ex.o
LOAD ./Drivers/STM32F1xx_HAL_Driver/Src/stm32f1xx_hal_gpio.o
LOAD ./Drivers/STM32F1xx_HAL_Driver/Src/stm32f1xx_hal_gpio_ex.o
LOAD ./Drivers/STM32F1xx_HAL_Driver/Src/stm32f1xx_hal_i2c.o
LOAD ./Drivers/STM32F1xx_HAL_Driver/Src/stm32f1xx_hal_pwr.o
LOAD ./Drivers/STM32F1xx_HAL_Driver/Src/stm32f1xx_hal_rcc.o
LOAD ./Drivers/STM32F1xx_HAL_Driver/Src/stm32f1xx_hal_rcc_ex.o
LOAD ./Drivers/STM32F1xx_HAL_Driver/Src/stm32f1xx_hal_spi.o
LOAD ./Drivers/STM32F1xx_HAL_Driver/Src/stm32f1xx_hal_tim.o
LOAD ./Drivers/STM32F1xx_HAL_Driver/Src/stm32f1xx_hal_tim_ex.o
START GROUP
LOAD E:/Program files/STM32CubeIDE_1.18.1/STM32CubeIDE/plugins/com.st.stm32cube.ide.mcu.externaltools.gnu-tools-for-stm32.13.3.rel1.win32_1.0.100.202509120712/tools/bin/../lib/gcc/arm-none-eabi/13.3.1/../../../../arm-none-eabi/lib/thumb/v7-m/nofp\libc_nano.a
LOAD E:/Program files/STM32CubeIDE_1.18.1/STM32CubeIDE/plugins/com.st.stm32cube.ide.mcu.externaltools.gnu-tools-for-stm32.13.3.rel1.win32_1.0.100.202509120712/tools/bin/../lib/gcc/arm-none-eabi/13.3.1/../../../../arm-none-eabi/lib/thumb/v7-m/nofp\libm.a
END GROUP
START GROUP
LOAD E:/Program files/STM32CubeIDE_1.18.1/STM32CubeIDE/plugins/com.st.stm32cube.ide.mcu.externaltools.gnu-tools-for-stm32.13.3.rel1.win32_1.0.100.202509120712/tools/bin/../lib/gcc/arm-none-eabi/13.3.1/thumb/v7-m/nofp\libgcc.a
LOAD E:/Program files/STM32CubeIDE_1.18.1/STM32CubeIDE/plugins/com.st.stm32cube.ide.mcu.externaltools.gnu-tools-for-stm32.13.3.rel1.win32_1.0.100.202509120712/tools/bin/../lib/gcc/arm-none-eabi/13.3.1/../../../../arm-none-eabi/lib/thumb/v7-m/nofp\libc_nano.a
END GROUP
START GROUP
LOAD E:/Program files/STM32CubeIDE_1.18.1/STM32CubeIDE/plugins/com.st.stm32cube.ide.mcu.externaltools.gnu-tools-for-stm32.13.3.rel1.win32_1.0.100.202509120712/tools/bin/../lib/gcc/arm-none-eabi/13.3.1/thumb/v7-m/nofp\libgcc.a
LOAD E:/Program files/STM32CubeIDE_1.18.1/STM32CubeIDE/plugins/com.st.stm32cube.ide.mcu.externaltools.gnu-tools-for-stm32.13.3.rel1.win32_1.0.100.202509120712/tools/bin/../lib/gcc/arm-none-eabi/13.3.1/../../../../arm-none-eabi/lib/thumb/v7-m/nofp\libc_nano.a
LOAD E:/Program files/STM32CubeIDE_1.18.1/STM32CubeIDE/plugins/com.st.stm32cube.ide.mcu.externaltools.gnu-tools-for-stm32.13.3.rel1.win32_1.0.100.202509120712/tools/bin/../lib/gcc/arm-none-eabi/13.3.1/../../../../arm-none-eabi/lib/thumb/v7-m/nofp\libnosys.a
END GROUP
START GROUP
LOAD E:/Program files/STM32CubeIDE_1.18.1/STM32CubeIDE/plugins/com.st.stm32cube.ide.mcu.externaltools.gnu-tools-for-stm32.13.3.rel1.win32_1.0.100.202509120712/tools/bin/../lib/gcc/arm-none-eabi/13.3.1/thumb/v7-m/nofp\libgcc.a
LOAD E:/Program files/STM32CubeIDE_1.18.1/STM32CubeIDE/plugins/com.st.stm32cube.ide.mcu.externaltools.gnu-tools-for-stm32.13.3.rel1.win32_1.0.100.202509120712/tools/bin/../lib/gcc/arm-none-eabi/13.3.1/../../../../arm-none-eabi/lib/thumb/v7-m/nofp\libc_nano.a
LOAD E:/Program files/STM32CubeIDE_1.18.1/STM32CubeIDE/plugins/com.st.stm32cube.ide.mcu.externaltools.gnu-tools-for-stm32.13.3.rel1.win32_1.0.100.202509120712/tools/bin/../lib/gcc/arm-none-eabi/13.3.1/../../../../arm-none-eabi/lib/thumb/v7-m/nofp\libnosys.a
END GROUP
LOAD E:/Program files/STM32CubeIDE_1.18.1/STM32CubeIDE/plugins/com.st.stm32cube.ide.mcu.externaltools.gnu-tools-for-stm32.13.3.rel1.win32_1.0.100.202509120712/tools/bin/../lib/gcc/arm-none-eabi/13.3.1/thumb/v7-m/nofp/crtend.o
LOAD E:/Program files/STM32CubeIDE_1.18.1/STM32CubeIDE/plugins/com.st.stm32cube.ide.mcu.externaltools.gnu-tools-for-stm32.13.3.rel1.win32_1.0.100.202509120712/tools/bin/../lib/gcc/arm-none-eabi/13.3.1/thumb/v7-m/nofp/crtn.o
                0x20005000                        _estack = (ORIGIN (RAM) + LENGTH (RAM))
                0x00000200                        _Min_Heap_Size = 0x200
                0x00000400                        _Min_Stack_Size = 0x400

.isr_vector     0x08000000      0x10c
                0x08000000                        . = ALIGN (0x4)
 *(.isr_vector)
 .isr_vector    0x08000000      0x10c ./Core/Startup/startup_stm32f103c8tx.o
                0x08000000                g_pfnVectors
                0x0800010c                        . = ALIGN (0x4)

.text           0x0800010c     0x58d4
                0x0800010c                        . = ALIGN (0x4)
 *(.text)
 .text          0x0800010c       0x40 E:/Program files/STM32CubeIDE_1.18.1/STM32CubeIDE/plugins/com.st.stm32cube.ide.mcu.externaltools.gnu-tools-for-stm32.13.3.rel1.win32_1.0.100.202509120712/tools/bin/../lib/gcc/arm-none-eabi/13.3.1/thumb/v7-m/nofp/crtbegin.o
 *(.text*)
 .text.General_Init
                0x0800014c       0x40 ./Core/Src/general.o
                0x0800014c                General_Init
 .text.General_Run
                0x0800018c      0x284 ./Core/Src/general.o
                0x0800018c                General_Run
 .text.LED_Init
                0x08000410       0x44 ./Core/Src/led.o
                0x08000410                LED_Init
 .text.LED_Update
                0x08000454      0x2a4 ./Core/Src/led.o
                0x08000454                LED_Update
 .text.main     0x080006f8       0xa4 ./Core/Src/main.o
                0x080006f8                main
 .text.SystemClock_Config
                0x0800079c       0x8a ./Core/Src/main.o
                0x0800079c                SystemClock_Config
 *fill*         0x08000826        0x2 
 .text.MX_I2C1_Init
                0x08000828       0x5c ./Core/Src/main.o
 .text.MX_SPI1_Init
                0x08000884       0x6c ./Core/Src/main.o
 .text.MX_TIM1_Init
                0x080008f0      0x158 ./Core/Src/main.o
 .text.MX_TIM2_Init
                0x08000a48      0x130 ./Core/Src/main.o
 .text.MX_GPIO_Init
                0x08000b78      0x150 ./Core/Src/main.o
 .text.Error_Handler
                0x08000cc8        0xc ./Core/Src/main.o
                0x08000cc8                Error_Handler
 .text.Motor_Init
                0x08000cd4       0x64 ./Core/Src/motor.o
                0x08000cd4                Motor_Init
 .text.Motor_SetSpeed
                0x08000d38       0xfc ./Core/Src/motor.o
                0x08000d38                Motor_SetSpeed
 .text.Motor_SetDirection
                0x08000e34      0x14c ./Core/Src/motor.o
                0x08000e34                Motor_SetDirection
 .text.Motor_Stop
                0x08000f80       0xc8 ./Core/Src/motor.o
                0x08000f80                Motor_Stop
 .text.Motor_RunDirection
                0x08001048      0x242 ./Core/Src/motor.o
                0x08001048                Motor_RunDirection
 .text.Motor_MoveAll
                0x0800128a       0x48 ./Core/Src/motor.o
                0x0800128a                Motor_MoveAll
 *fill*         0x080012d2        0x2 
 .text.Motor_IsReady
                0x080012d4       0x14 ./Core/Src/motor.o
                0x080012d4                Motor_IsReady
 .text.CSN_Low  0x080012e8       0x18 ./Core/Src/nrf24_rx.o
 .text.CSN_High
                0x08001300       0x18 ./Core/Src/nrf24_rx.o
 .text.CE_Low   0x08001318       0x18 ./Core/Src/nrf24_rx.o
 .text.CE_High  0x08001330       0x18 ./Core/Src/nrf24_rx.o
 .text.SPI_RW   0x08001348       0x2c ./Core/Src/nrf24_rx.o
 .text.NRF_WriteReg
                0x08001374       0x36 ./Core/Src/nrf24_rx.o
 .text.NRF_ReadReg
                0x080013aa       0x2e ./Core/Src/nrf24_rx.o
 .text.NRF24_Init
                0x080013d8       0x9c ./Core/Src/nrf24_rx.o
                0x080013d8                NRF24_Init
 .text.NRF24_HandleIRQ
                0x08001474       0x9c ./Core/Src/nrf24_rx.o
                0x08001474                NRF24_HandleIRQ
 .text.NRF24_GetLatest
                0x08001510       0x2c ./Core/Src/nrf24_rx.o
                0x08001510                NRF24_GetLatest
 .text.NRF24_IsConnected
                0x0800153c       0x22 ./Core/Src/nrf24_rx.o
                0x0800153c                NRF24_IsConnected
 .text.NRF24_ReadStatus
                0x0800155e       0x22 ./Core/Src/nrf24_rx.o
                0x0800155e                NRF24_ReadStatus
 .text.NRF24_ReadFIFO
                0x08001580       0x10 ./Core/Src/nrf24_rx.o
                0x08001580                NRF24_ReadFIFO
 .text.NRF24_ReadChannel
                0x08001590       0x10 ./Core/Src/nrf24_rx.o
                0x08001590                NRF24_ReadChannel
 .text.OLED_Init
                0x080015a0       0x20 ./Core/Src/oled.o
                0x080015a0                OLED_Init
 .text.OLED_Print
                0x080015c0       0x38 ./Core/Src/oled.o
                0x080015c0                OLED_Print
 .text.OLED_Update
                0x080015f8        0xc ./Core/Src/oled.o
                0x080015f8                OLED_Update
 .text.OLED_ClearArea
                0x08001604       0x3e ./Core/Src/oled.o
                0x08001604                OLED_ClearArea
 *fill*         0x08001642        0x2 
 .text.HAL_MspInit
                0x08001644       0x64 ./Core/Src/stm32f1xx_hal_msp.o
                0x08001644                HAL_MspInit
 .text.HAL_I2C_MspInit
                0x080016a8       0x7c ./Core/Src/stm32f1xx_hal_msp.o
                0x080016a8                HAL_I2C_MspInit
 .text.HAL_SPI_MspInit
                0x08001724       0x94 ./Core/Src/stm32f1xx_hal_msp.o
                0x08001724                HAL_SPI_MspInit
 .text.HAL_TIM_Base_MspInit
                0x080017b8       0xa4 ./Core/Src/stm32f1xx_hal_msp.o
                0x080017b8                HAL_TIM_Base_MspInit
 .text.HAL_TIM_MspPostInit
                0x0800185c       0xa4 ./Core/Src/stm32f1xx_hal_msp.o
                0x0800185c                HAL_TIM_MspPostInit
 .text.NMI_Handler
                0x08001900        0x8 ./Core/Src/stm32f1xx_it.o
                0x08001900                NMI_Handler
 .text.HardFault_Handler
                0x08001908        0x8 ./Core/Src/stm32f1xx_it.o
                0x08001908                HardFault_Handler
 .text.MemManage_Handler
                0x08001910        0x8 ./Core/Src/stm32f1xx_it.o
                0x08001910                MemManage_Handler
 .text.BusFault_Handler
                0x08001918        0x8 ./Core/Src/stm32f1xx_it.o
                0x08001918                BusFault_Handler
 .text.UsageFault_Handler
                0x08001920        0x8 ./Core/Src/stm32f1xx_it.o
                0x08001920                UsageFault_Handler
 .text.SVC_Handler
                0x08001928        0xc ./Core/Src/stm32f1xx_it.o
                0x08001928                SVC_Handler
 .text.DebugMon_Handler
                0x08001934        0xc ./Core/Src/stm32f1xx_it.o
                0x08001934                DebugMon_Handler
 .text.PendSV_Handler
                0x08001940        0xc ./Core/Src/stm32f1xx_it.o
                0x08001940                PendSV_Handler
 .text.SysTick_Handler
                0x0800194c        0xc ./Core/Src/stm32f1xx_it.o
                0x0800194c                SysTick_Handler
 .text.EXTI9_5_IRQHandler
                0x08001958       0x12 ./Core/Src/stm32f1xx_it.o
                0x08001958                EXTI9_5_IRQHandler
 *fill*         0x0800196a        0x2 
 .text._sbrk    0x0800196c       0x6c ./Core/Src/sysmem.o
                0x0800196c                _sbrk
 .text.SystemInit
                0x080019d8        0xc ./Core/Src/system_stm32f1xx.o
                0x080019d8                SystemInit
 .text.Reset_Handler
                0x080019e4       0x48 ./Core/Startup/startup_stm32f103c8tx.o
                0x080019e4                Reset_Handler
 .text.Default_Handler
                0x08001a2c        0x2 ./Core/Startup/startup_stm32f103c8tx.o
                0x08001a2c                RTC_Alarm_IRQHandler
                0x08001a2c                EXTI2_IRQHandler
                0x08001a2c                TIM1_CC_IRQHandler
                0x08001a2c                PVD_IRQHandler
                0x08001a2c                EXTI3_IRQHandler
                0x08001a2c                EXTI0_IRQHandler
                0x08001a2c                I2C2_EV_IRQHandler
                0x08001a2c                ADC1_2_IRQHandler
                0x08001a2c                SPI1_IRQHandler
                0x08001a2c                TAMPER_IRQHandler
                0x08001a2c                DMA1_Channel4_IRQHandler
                0x08001a2c                USART3_IRQHandler
                0x08001a2c                RTC_IRQHandler
                0x08001a2c                DMA1_Channel7_IRQHandler
                0x08001a2c                CAN1_RX1_IRQHandler
                0x08001a2c                TIM4_IRQHandler
                0x08001a2c                I2C1_EV_IRQHandler
                0x08001a2c                DMA1_Channel6_IRQHandler
                0x08001a2c                TIM3_IRQHandler
                0x08001a2c                RCC_IRQHandler
                0x08001a2c                TIM1_TRG_COM_IRQHandler
                0x08001a2c                DMA1_Channel1_IRQHandler
                0x08001a2c                Default_Handler
                0x08001a2c                EXTI15_10_IRQHandler
                0x08001a2c                SPI2_IRQHandler
                0x08001a2c                DMA1_Channel5_IRQHandler
                0x08001a2c                EXTI4_IRQHandler
                0x08001a2c                USB_LP_CAN1_RX0_IRQHandler
                0x08001a2c                USB_HP_CAN1_TX_IRQHandler
                0x08001a2c                DMA1_Channel3_IRQHandler
                0x08001a2c                TIM1_UP_IRQHandler
                0x08001a2c                WWDG_IRQHandler
                0x08001a2c                TIM2_IRQHandler
                0x08001a2c                TIM1_BRK_IRQHandler
                0x08001a2c                EXTI1_IRQHandler
                0x08001a2c                USART2_IRQHandler
                0x08001a2c                I2C2_ER_IRQHandler
                0x08001a2c                DMA1_Channel2_IRQHandler
                0x08001a2c                CAN1_SCE_IRQHandler
                0x08001a2c                FLASH_IRQHandler
                0x08001a2c                USART1_IRQHandler
                0x08001a2c                I2C1_ER_IRQHandler
                0x08001a2c                USBWakeUp_IRQHandler
 *fill*         0x08001a2e        0x2 
 .text.SSD1306_Init
                0x08001a30      0x188 ./Drivers/Middlewares/SSD1306/ssd1306.o
                0x08001a30                SSD1306_Init
 .text.SSD1306_UpdateScreen
                0x08001bb8       0x5c ./Drivers/Middlewares/SSD1306/ssd1306.o
                0x08001bb8                SSD1306_UpdateScreen
 .text.SSD1306_Fill
                0x08001c14       0x30 ./Drivers/Middlewares/SSD1306/ssd1306.o
                0x08001c14                SSD1306_Fill
 .text.SSD1306_DrawPixel
                0x08001c44       0xbc ./Drivers/Middlewares/SSD1306/ssd1306.o
                0x08001c44                SSD1306_DrawPixel
 .text.SSD1306_GotoXY
                0x08001d00       0x2c ./Drivers/Middlewares/SSD1306/ssd1306.o
                0x08001d00                SSD1306_GotoXY
 .text.SSD1306_Putc
                0x08001d2c       0xfc ./Drivers/Middlewares/SSD1306/ssd1306.o
                0x08001d2c                SSD1306_Putc
 .text.SSD1306_Puts
                0x08001e28       0x4a ./Drivers/Middlewares/SSD1306/ssd1306.o
                0x08001e28                SSD1306_Puts
 .text.SSD1306_DrawLine
                0x08001e72      0x1f6 ./Drivers/Middlewares/SSD1306/ssd1306.o
                0x08001e72                SSD1306_DrawLine
 .text.SSD1306_DrawFilledRectangle
                0x08002068       0x9a ./Drivers/Middlewares/SSD1306/ssd1306.o
                0x08002068                SSD1306_DrawFilledRectangle
 *fill*         0x08002102        0x2 
 .text.ssd1306_I2C_Init
                0x08002104       0x28 ./Drivers/Middlewares/SSD1306/ssd1306.o
                0x08002104                ssd1306_I2C_Init
 .text.ssd1306_I2C_WriteMulti
                0x0800212c       0xcc ./Drivers/Middlewares/SSD1306/ssd1306.o
                0x0800212c                ssd1306_I2C_WriteMulti
 .text.ssd1306_I2C_Write
                0x080021f8       0x3c ./Drivers/Middlewares/SSD1306/ssd1306.o
                0x080021f8                ssd1306_I2C_Write
 .text.HAL_Init
                0x08002234       0x2c ./Drivers/STM32F1xx_HAL_Driver/Src/stm32f1xx_hal.o
                0x08002234                HAL_Init
 .text.HAL_InitTick
                0x08002260       0x60 ./Drivers/STM32F1xx_HAL_Driver/Src/stm32f1xx_hal.o
                0x08002260                HAL_InitTick
 .text.HAL_IncTick
                0x080022c0       0x24 ./Drivers/STM32F1xx_HAL_Driver/Src/stm32f1xx_hal.o
                0x080022c0                HAL_IncTick
 .text.HAL_GetTick
                0x080022e4       0x14 ./Drivers/STM32F1xx_HAL_Driver/Src/stm32f1xx_hal.o
                0x080022e4                HAL_GetTick
 .text.HAL_Delay
                0x080022f8       0x48 ./Drivers/STM32F1xx_HAL_Driver/Src/stm32f1xx_hal.o
                0x080022f8                HAL_Delay
 .text.__NVIC_SetPriorityGrouping
                0x08002340       0x48 ./Drivers/STM32F1xx_HAL_Driver/Src/stm32f1xx_hal_cortex.o
 .text.__NVIC_GetPriorityGrouping
                0x08002388       0x1c ./Drivers/STM32F1xx_HAL_Driver/Src/stm32f1xx_hal_cortex.o
 .text.__NVIC_EnableIRQ
                0x080023a4       0x38 ./Drivers/STM32F1xx_HAL_Driver/Src/stm32f1xx_hal_cortex.o
 .text.__NVIC_SetPriority
                0x080023dc       0x54 ./Drivers/STM32F1xx_HAL_Driver/Src/stm32f1xx_hal_cortex.o
 .text.NVIC_EncodePriority
                0x08002430       0x64 ./Drivers/STM32F1xx_HAL_Driver/Src/stm32f1xx_hal_cortex.o
 .text.SysTick_Config
                0x08002494       0x44 ./Drivers/STM32F1xx_HAL_Driver/Src/stm32f1xx_hal_cortex.o
 .text.HAL_NVIC_SetPriorityGrouping
                0x080024d8       0x16 ./Drivers/STM32F1xx_HAL_Driver/Src/stm32f1xx_hal_cortex.o
                0x080024d8                HAL_NVIC_SetPriorityGrouping
 .text.HAL_NVIC_SetPriority
                0x080024ee       0x38 ./Drivers/STM32F1xx_HAL_Driver/Src/stm32f1xx_hal_cortex.o
                0x080024ee                HAL_NVIC_SetPriority
 .text.HAL_NVIC_EnableIRQ
                0x08002526       0x1c ./Drivers/STM32F1xx_HAL_Driver/Src/stm32f1xx_hal_cortex.o
                0x08002526                HAL_NVIC_EnableIRQ
 .text.HAL_SYSTICK_Config
                0x08002542       0x18 ./Drivers/STM32F1xx_HAL_Driver/Src/stm32f1xx_hal_cortex.o
                0x08002542                HAL_SYSTICK_Config
 *fill*         0x0800255a        0x2 
 .text.HAL_GPIO_Init
                0x0800255c      0x308 ./Drivers/STM32F1xx_HAL_Driver/Src/stm32f1xx_hal_gpio.o
                0x0800255c                HAL_GPIO_Init
 .text.HAL_GPIO_WritePin
                0x08002864       0x30 ./Drivers/STM32F1xx_HAL_Driver/Src/stm32f1xx_hal_gpio.o
                0x08002864                HAL_GPIO_WritePin
 .text.HAL_GPIO_EXTI_IRQHandler
                0x08002894       0x30 ./Drivers/STM32F1xx_HAL_Driver/Src/stm32f1xx_hal_gpio.o
                0x08002894                HAL_GPIO_EXTI_IRQHandler
 .text.HAL_GPIO_EXTI_Callback
                0x080028c4       0x14 ./Drivers/STM32F1xx_HAL_Driver/Src/stm32f1xx_hal_gpio.o
                0x080028c4                HAL_GPIO_EXTI_Callback
 .text.HAL_I2C_Init
                0x080028d8      0x288 ./Drivers/STM32F1xx_HAL_Driver/Src/stm32f1xx_hal_i2c.o
                0x080028d8                HAL_I2C_Init
 .text.HAL_I2C_Master_Transmit
                0x08002b60      0x1fc ./Drivers/STM32F1xx_HAL_Driver/Src/stm32f1xx_hal_i2c.o
                0x08002b60                HAL_I2C_Master_Transmit
 .text.HAL_I2C_IsDeviceReady
                0x08002d5c      0x25c ./Drivers/STM32F1xx_HAL_Driver/Src/stm32f1xx_hal_i2c.o
                0x08002d5c                HAL_I2C_IsDeviceReady
 .text.I2C_MasterRequestWrite
                0x08002fb8      0x104 ./Drivers/STM32F1xx_HAL_Driver/Src/stm32f1xx_hal_i2c.o
 .text.I2C_WaitOnFlagUntilTimeout
                0x080030bc       0xf4 ./Drivers/STM32F1xx_HAL_Driver/Src/stm32f1xx_hal_i2c.o
 .text.I2C_WaitOnMasterAddressFlagUntilTimeout
                0x080031b0      0x140 ./Drivers/STM32F1xx_HAL_Driver/Src/stm32f1xx_hal_i2c.o
 .text.I2C_WaitOnTXEFlagUntilTimeout
                0x080032f0       0x90 ./Drivers/STM32F1xx_HAL_Driver/Src/stm32f1xx_hal_i2c.o
 .text.I2C_WaitOnBTFFlagUntilTimeout
                0x08003380       0x90 ./Drivers/STM32F1xx_HAL_Driver/Src/stm32f1xx_hal_i2c.o
 .text.I2C_IsAcknowledgeFailed
                0x08003410       0x5c ./Drivers/STM32F1xx_HAL_Driver/Src/stm32f1xx_hal_i2c.o
 .text.HAL_RCC_OscConfig
                0x0800346c      0x504 ./Drivers/STM32F1xx_HAL_Driver/Src/stm32f1xx_hal_rcc.o
                0x0800346c                HAL_RCC_OscConfig
 .text.HAL_RCC_ClockConfig
                0x08003970      0x1d4 ./Drivers/STM32F1xx_HAL_Driver/Src/stm32f1xx_hal_rcc.o
                0x08003970                HAL_RCC_ClockConfig
 .text.HAL_RCC_GetSysClockFreq
                0x08003b44       0xa8 ./Drivers/STM32F1xx_HAL_Driver/Src/stm32f1xx_hal_rcc.o
                0x08003b44                HAL_RCC_GetSysClockFreq
 .text.HAL_RCC_GetHCLKFreq
                0x08003bec       0x14 ./Drivers/STM32F1xx_HAL_Driver/Src/stm32f1xx_hal_rcc.o
                0x08003bec                HAL_RCC_GetHCLKFreq
 .text.HAL_RCC_GetPCLK1Freq
                0x08003c00       0x28 ./Drivers/STM32F1xx_HAL_Driver/Src/stm32f1xx_hal_rcc.o
                0x08003c00                HAL_RCC_GetPCLK1Freq
 .text.RCC_Delay
                0x08003c28       0x3c ./Drivers/STM32F1xx_HAL_Driver/Src/stm32f1xx_hal_rcc.o
 .text.HAL_SPI_Init
                0x08003c64      0x108 ./Drivers/STM32F1xx_HAL_Driver/Src/stm32f1xx_hal_spi.o
                0x08003c64                HAL_SPI_Init
 .text.HAL_SPI_TransmitReceive
                0x08003d6c      0x352 ./Drivers/STM32F1xx_HAL_Driver/Src/stm32f1xx_hal_spi.o
                0x08003d6c                HAL_SPI_TransmitReceive
 *fill*         0x080040be        0x2 
 .text.SPI_WaitFlagStateUntilTimeout
                0x080040c0      0x110 ./Drivers/STM32F1xx_HAL_Driver/Src/stm32f1xx_hal_spi.o
 .text.SPI_EndRxTxTransaction
                0x080041d0       0x62 ./Drivers/STM32F1xx_HAL_Driver/Src/stm32f1xx_hal_spi.o
 .text.HAL_TIM_Base_Init
                0x08004232       0x9e ./Drivers/STM32F1xx_HAL_Driver/Src/stm32f1xx_hal_tim.o
                0x08004232                HAL_TIM_Base_Init
 .text.HAL_TIM_PWM_Init
                0x080042d0       0x9e ./Drivers/STM32F1xx_HAL_Driver/Src/stm32f1xx_hal_tim.o
                0x080042d0                HAL_TIM_PWM_Init
 .text.HAL_TIM_PWM_MspInit
                0x0800436e       0x12 ./Drivers/STM32F1xx_HAL_Driver/Src/stm32f1xx_hal_tim.o
                0x0800436e                HAL_TIM_PWM_MspInit
 .text.HAL_TIM_PWM_Start
                0x08004380      0x144 ./Drivers/STM32F1xx_HAL_Driver/Src/stm32f1xx_hal_tim.o
                0x08004380                HAL_TIM_PWM_Start
 .text.HAL_TIM_PWM_ConfigChannel
                0x080044c4      0x184 ./Drivers/STM32F1xx_HAL_Driver/Src/stm32f1xx_hal_tim.o
                0x080044c4                HAL_TIM_PWM_ConfigChannel
 .text.HAL_TIM_ConfigClockSource
                0x08004648      0x18e ./Drivers/STM32F1xx_HAL_Driver/Src/stm32f1xx_hal_tim.o
                0x08004648                HAL_TIM_ConfigClockSource
 .text.HAL_TIM_SlaveConfigSynchro
                0x080047d6       0x84 ./Drivers/STM32F1xx_HAL_Driver/Src/stm32f1xx_hal_tim.o
                0x080047d6                HAL_TIM_SlaveConfigSynchro
 *fill*         0x0800485a        0x2 
 .text.TIM_Base_SetConfig
                0x0800485c       0xdc ./Drivers/STM32F1xx_HAL_Driver/Src/stm32f1xx_hal_tim.o
                0x0800485c                TIM_Base_SetConfig
 .text.TIM_OC1_SetConfig
                0x08004938       0xcc ./Drivers/STM32F1xx_HAL_Driver/Src/stm32f1xx_hal_tim.o
 .text.TIM_OC2_SetConfig
                0x08004a04       0xd4 ./Drivers/STM32F1xx_HAL_Driver/Src/stm32f1xx_hal_tim.o
                0x08004a04                TIM_OC2_SetConfig
 .text.TIM_OC3_SetConfig
                0x08004ad8       0xd4 ./Drivers/STM32F1xx_HAL_Driver/Src/stm32f1xx_hal_tim.o
 .text.TIM_OC4_SetConfig
                0x08004bac       0x9c ./Drivers/STM32F1xx_HAL_Driver/Src/stm32f1xx_hal_tim.o
 .text.TIM_SlaveTimer_SetConfig
                0x08004c48      0x122 ./Drivers/STM32F1xx_HAL_Driver/Src/stm32f1xx_hal_tim.o
 .text.TIM_TI1_ConfigInputStage
                0x08004d6a       0x5c ./Drivers/STM32F1xx_HAL_Driver/Src/stm32f1xx_hal_tim.o
 .text.TIM_TI2_ConfigInputStage
                0x08004dc6       0x5e ./Drivers/STM32F1xx_HAL_Driver/Src/stm32f1xx_hal_tim.o
 .text.TIM_ITRx_SetConfig
                0x08004e24       0x34 ./Drivers/STM32F1xx_HAL_Driver/Src/stm32f1xx_hal_tim.o
 .text.TIM_ETR_SetConfig
                0x08004e58       0x3e ./Drivers/STM32F1xx_HAL_Driver/Src/stm32f1xx_hal_tim.o
                0x08004e58                TIM_ETR_SetConfig
 .text.TIM_CCxChannelCmd
                0x08004e96       0x48 ./Drivers/STM32F1xx_HAL_Driver/Src/stm32f1xx_hal_tim.o
                0x08004e96                TIM_CCxChannelCmd
 *fill*         0x08004ede        0x2 
 .text.HAL_TIMEx_MasterConfigSynchronization
                0x08004ee0       0xbc ./Drivers/STM32F1xx_HAL_Driver/Src/stm32f1xx_hal_tim_ex.o
                0x08004ee0                HAL_TIMEx_MasterConfigSynchronization
 .text.HAL_TIMEx_ConfigBreakDeadTime
                0x08004f9c       0xa2 ./Drivers/STM32F1xx_HAL_Driver/Src/stm32f1xx_hal_tim_ex.o
                0x08004f9c                HAL_TIMEx_ConfigBreakDeadTime
 *fill*         0x0800503e        0x2 
 .text.snprintf
                0x08005040       0x6c E:/Program files/STM32CubeIDE_1.18.1/STM32CubeIDE/plugins/com.st.stm32cube.ide.mcu.externaltools.gnu-tools-for-stm32.13.3.rel1.win32_1.0.100.202509120712/tools/bin/../lib/gcc/arm-none-eabi/13.3.1/../../../../arm-none-eabi/lib/thumb/v7-m/nofp\libc_nano.a(libc_a-snprintf.o)
                0x08005040                sniprintf
                0x08005040                snprintf
 .text.memset   0x080050ac       0x10 E:/Program files/STM32CubeIDE_1.18.1/STM32CubeIDE/plugins/com.st.stm32cube.ide.mcu.externaltools.gnu-tools-for-stm32.13.3.rel1.win32_1.0.100.202509120712/tools/bin/../lib/gcc/arm-none-eabi/13.3.1/../../../../arm-none-eabi/lib/thumb/v7-m/nofp\libc_nano.a(libc_a-memset.o)
                0x080050ac                memset
 .text.__errno  0x080050bc        0xc E:/Program files/STM32CubeIDE_1.18.1/STM32CubeIDE/plugins/com.st.stm32cube.ide.mcu.externaltools.gnu-tools-for-stm32.13.3.rel1.win32_1.0.100.202509120712/tools/bin/../lib/gcc/arm-none-eabi/13.3.1/../../../../arm-none-eabi/lib/thumb/v7-m/nofp\libc_nano.a(libc_a-errno.o)
                0x080050bc                __errno
 .text.__libc_init_array
                0x080050c8       0x48 E:/Program files/STM32CubeIDE_1.18.1/STM32CubeIDE/plugins/com.st.stm32cube.ide.mcu.externaltools.gnu-tools-for-stm32.13.3.rel1.win32_1.0.100.202509120712/tools/bin/../lib/gcc/arm-none-eabi/13.3.1/../../../../arm-none-eabi/lib/thumb/v7-m/nofp\libc_nano.a(libc_a-init.o)
                0x080050c8                __libc_init_array
 .text.__retarget_lock_acquire_recursive
                0x08005110        0x2 E:/Program files/STM32CubeIDE_1.18.1/STM32CubeIDE/plugins/com.st.stm32cube.ide.mcu.externaltools.gnu-tools-for-stm32.13.3.rel1.win32_1.0.100.202509120712/tools/bin/../lib/gcc/arm-none-eabi/13.3.1/../../../../arm-none-eabi/lib/thumb/v7-m/nofp\libc_nano.a(libc_a-lock.o)
                0x08005110                __retarget_lock_acquire_recursive
 .text.__retarget_lock_release_recursive
                0x08005112        0x2 E:/Program files/STM32CubeIDE_1.18.1/STM32CubeIDE/plugins/com.st.stm32cube.ide.mcu.externaltools.gnu-tools-for-stm32.13.3.rel1.win32_1.0.100.202509120712/tools/bin/../lib/gcc/arm-none-eabi/13.3.1/../../../../arm-none-eabi/lib/thumb/v7-m/nofp\libc_nano.a(libc_a-lock.o)
                0x08005112                __retarget_lock_release_recursive
 .text._free_r  0x08005114       0x90 E:/Program files/STM32CubeIDE_1.18.1/STM32CubeIDE/plugins/com.st.stm32cube.ide.mcu.externaltools.gnu-tools-for-stm32.13.3.rel1.win32_1.0.100.202509120712/tools/bin/../lib/gcc/arm-none-eabi/13.3.1/../../../../arm-none-eabi/lib/thumb/v7-m/nofp\libc_nano.a(libc_a-freer.o)
                0x08005114                _free_r
 .text.sbrk_aligned
                0x080051a4       0x44 E:/Program files/STM32CubeIDE_1.18.1/STM32CubeIDE/plugins/com.st.stm32cube.ide.mcu.externaltools.gnu-tools-for-stm32.13.3.rel1.win32_1.0.100.202509120712/tools/bin/../lib/gcc/arm-none-eabi/13.3.1/../../../../arm-none-eabi/lib/thumb/v7-m/nofp\libc_nano.a(libc_a-mallocr.o)
 .text._malloc_r
                0x080051e8      0x100 E:/Program files/STM32CubeIDE_1.18.1/STM32CubeIDE/plugins/com.st.stm32cube.ide.mcu.externaltools.gnu-tools-for-stm32.13.3.rel1.win32_1.0.100.202509120712/tools/bin/../lib/gcc/arm-none-eabi/13.3.1/../../../../arm-none-eabi/lib/thumb/v7-m/nofp\libc_nano.a(libc_a-mallocr.o)
                0x080051e8                _malloc_r
 .text.__malloc_lock
                0x080052e8        0xc E:/Program files/STM32CubeIDE_1.18.1/STM32CubeIDE/plugins/com.st.stm32cube.ide.mcu.externaltools.gnu-tools-for-stm32.13.3.rel1.win32_1.0.100.202509120712/tools/bin/../lib/gcc/arm-none-eabi/13.3.1/../../../../arm-none-eabi/lib/thumb/v7-m/nofp\libc_nano.a(libc_a-mlock.o)
                0x080052e8                __malloc_lock
 .text.__malloc_unlock
                0x080052f4        0xc E:/Program files/STM32CubeIDE_1.18.1/STM32CubeIDE/plugins/com.st.stm32cube.ide.mcu.externaltools.gnu-tools-for-stm32.13.3.rel1.win32_1.0.100.202509120712/tools/bin/../lib/gcc/arm-none-eabi/13.3.1/../../../../arm-none-eabi/lib/thumb/v7-m/nofp\libc_nano.a(libc_a-mlock.o)
                0x080052f4                __malloc_unlock
 .text.__ssputs_r
                0x08005300       0xb6 E:/Program files/STM32CubeIDE_1.18.1/STM32CubeIDE/plugins/com.st.stm32cube.ide.mcu.externaltools.gnu-tools-for-stm32.13.3.rel1.win32_1.0.100.202509120712/tools/bin/../lib/gcc/arm-none-eabi/13.3.1/../../../../arm-none-eabi/lib/thumb/v7-m/nofp\libc_nano.a(libc_a-nano-svfprintf.o)
                0x08005300                __ssputs_r
 *fill*         0x080053b6        0x2 
 .text._svfprintf_r
                0x080053b8      0x1f8 E:/Program files/STM32CubeIDE_1.18.1/STM32CubeIDE/plugins/com.st.stm32cube.ide.mcu.externaltools.gnu-tools-for-stm32.13.3.rel1.win32_1.0.100.202509120712/tools/bin/../lib/gcc/arm-none-eabi/13.3.1/../../../../arm-none-eabi/lib/thumb/v7-m/nofp\libc_nano.a(libc_a-nano-svfprintf.o)
                0x080053b8                _svfiprintf_r
                0x080053b8                _svfprintf_r
 .text._printf_common
                0x080055b0       0xe4 E:/Program files/STM32CubeIDE_1.18.1/STM32CubeIDE/plugins/com.st.stm32cube.ide.mcu.externaltools.gnu-tools-for-stm32.13.3.rel1.win32_1.0.100.202509120712/tools/bin/../lib/gcc/arm-none-eabi/13.3.1/../../../../arm-none-eabi/lib/thumb/v7-m/nofp\libc_nano.a(libc_a-nano-vfprintf_i.o)
                0x080055b0                _printf_common
 .text._printf_i
                0x08005694      0x23c E:/Program files/STM32CubeIDE_1.18.1/STM32CubeIDE/plugins/com.st.stm32cube.ide.mcu.externaltools.gnu-tools-for-stm32.13.3.rel1.win32_1.0.100.202509120712/tools/bin/../lib/gcc/arm-none-eabi/13.3.1/../../../../arm-none-eabi/lib/thumb/v7-m/nofp\libc_nano.a(libc_a-nano-vfprintf_i.o)
                0x08005694                _printf_i
 .text.memmove  0x080058d0       0x34 E:/Program files/STM32CubeIDE_1.18.1/STM32CubeIDE/plugins/com.st.stm32cube.ide.mcu.externaltools.gnu-tools-for-stm32.13.3.rel1.win32_1.0.100.202509120712/tools/bin/../lib/gcc/arm-none-eabi/13.3.1/../../../../arm-none-eabi/lib/thumb/v7-m/nofp\libc_nano.a(libc_a-memmove.o)
                0x080058d0                memmove
 .text._sbrk_r  0x08005904       0x20 E:/Program files/STM32CubeIDE_1.18.1/STM32CubeIDE/plugins/com.st.stm32cube.ide.mcu.externaltools.gnu-tools-for-stm32.13.3.rel1.win32_1.0.100.202509120712/tools/bin/../lib/gcc/arm-none-eabi/13.3.1/../../../../arm-none-eabi/lib/thumb/v7-m/nofp\libc_nano.a(libc_a-sbrkr.o)
                0x08005904                _sbrk_r
 .text.memchr   0x08005924       0x1c E:/Program files/STM32CubeIDE_1.18.1/STM32CubeIDE/plugins/com.st.stm32cube.ide.mcu.externaltools.gnu-tools-for-stm32.13.3.rel1.win32_1.0.100.202509120712/tools/bin/../lib/gcc/arm-none-eabi/13.3.1/../../../../arm-none-eabi/lib/thumb/v7-m/nofp\libc_nano.a(libc_a-memchr-stub.o)
                0x08005924                memchr
 .text.memcpy   0x08005940       0x1c E:/Program files/STM32CubeIDE_1.18.1/STM32CubeIDE/plugins/com.st.stm32cube.ide.mcu.externaltools.gnu-tools-for-stm32.13.3.rel1.win32_1.0.100.202509120712/tools/bin/../lib/gcc/arm-none-eabi/13.3.1/../../../../arm-none-eabi/lib/thumb/v7-m/nofp\libc_nano.a(libc_a-memcpy-stub.o)
                0x08005940                memcpy
 .text._realloc_r
                0x0800595c       0x5c E:/Program files/STM32CubeIDE_1.18.1/STM32CubeIDE/plugins/com.st.stm32cube.ide.mcu.externaltools.gnu-tools-for-stm32.13.3.rel1.win32_1.0.100.202509120712/tools/bin/../lib/gcc/arm-none-eabi/13.3.1/../../../../arm-none-eabi/lib/thumb/v7-m/nofp\libc_nano.a(libc_a-reallocr.o)
                0x0800595c                _realloc_r
 .text._malloc_usable_size_r
                0x080059b8       0x10 E:/Program files/STM32CubeIDE_1.18.1/STM32CubeIDE/plugins/com.st.stm32cube.ide.mcu.externaltools.gnu-tools-for-stm32.13.3.rel1.win32_1.0.100.202509120712/tools/bin/../lib/gcc/arm-none-eabi/13.3.1/../../../../arm-none-eabi/lib/thumb/v7-m/nofp\libc_nano.a(libc_a-msizer.o)
                0x080059b8                _malloc_usable_size_r
 *(.glue_7)
 .glue_7        0x080059c8        0x0 linker stubs
 *(.glue_7t)
 .glue_7t       0x080059c8        0x0 linker stubs
 *(.eh_frame)
 .eh_frame      0x080059c8        0x0 E:/Program files/STM32CubeIDE_1.18.1/STM32CubeIDE/plugins/com.st.stm32cube.ide.mcu.externaltools.gnu-tools-for-stm32.13.3.rel1.win32_1.0.100.202509120712/tools/bin/../lib/gcc/arm-none-eabi/13.3.1/thumb/v7-m/nofp/crtbegin.o
 *(.init)
 .init          0x080059c8        0x4 E:/Program files/STM32CubeIDE_1.18.1/STM32CubeIDE/plugins/com.st.stm32cube.ide.mcu.externaltools.gnu-tools-for-stm32.13.3.rel1.win32_1.0.100.202509120712/tools/bin/../lib/gcc/arm-none-eabi/13.3.1/thumb/v7-m/nofp/crti.o
                0x080059c8                _init
 .init          0x080059cc        0x8 E:/Program files/STM32CubeIDE_1.18.1/STM32CubeIDE/plugins/com.st.stm32cube.ide.mcu.externaltools.gnu-tools-for-stm32.13.3.rel1.win32_1.0.100.202509120712/tools/bin/../lib/gcc/arm-none-eabi/13.3.1/thumb/v7-m/nofp/crtn.o
 *(.fini)
 .fini          0x080059d4        0x4 E:/Program files/STM32CubeIDE_1.18.1/STM32CubeIDE/plugins/com.st.stm32cube.ide.mcu.externaltools.gnu-tools-for-stm32.13.3.rel1.win32_1.0.100.202509120712/tools/bin/../lib/gcc/arm-none-eabi/13.3.1/thumb/v7-m/nofp/crti.o
                0x080059d4                _fini
 .fini          0x080059d8        0x8 E:/Program files/STM32CubeIDE_1.18.1/STM32CubeIDE/plugins/com.st.stm32cube.ide.mcu.externaltools.gnu-tools-for-stm32.13.3.rel1.win32_1.0.100.202509120712/tools/bin/../lib/gcc/arm-none-eabi/13.3.1/thumb/v7-m/nofp/crtn.o
                0x080059e0                        . = ALIGN (0x4)
                0x080059e0                        _etext = .

.vfp11_veneer   0x080059e0        0x0
 .vfp11_veneer  0x080059e0        0x0 linker stubs

.v4_bx          0x080059e0        0x0
 .v4_bx         0x080059e0        0x0 linker stubs

.iplt           0x080059e0        0x0
 .iplt          0x080059e0        0x0 E:/Program files/STM32CubeIDE_1.18.1/STM32CubeIDE/plugins/com.st.stm32cube.ide.mcu.externaltools.gnu-tools-for-stm32.13.3.rel1.win32_1.0.100.202509120712/tools/bin/../lib/gcc/arm-none-eabi/13.3.1/thumb/v7-m/nofp/crtbegin.o

.rodata         0x080059e0      0x88c
                0x080059e0                        . = ALIGN (0x4)
 *(.rodata)
 .rodata        0x080059e0       0x8a ./Core/Src/general.o
 *(.rodata*)
 *fill*         0x08005a6a        0x2 
 .rodata.directionAngles
                0x08005a6c       0x12 ./Core/Src/general.o
 *fill*         0x08005a7e        0x2 
 .rodata.motorDirSign
                0x08005a80        0x4 ./Core/Src/motor.o
 .rodata.rxAddress
                0x08005a84        0x5 ./Core/Src/nrf24_rx.o
 *fill*         0x08005a89        0x3 
 .rodata.AHBPrescTable
                0x08005a8c       0x10 ./Core/Src/system_stm32f1xx.o
                0x08005a8c                AHBPrescTable
 .rodata.APBPrescTable
                0x08005a9c        0x8 ./Core/Src/system_stm32f1xx.o
                0x08005a9c                APBPrescTable
 .rodata.Font7x10
                0x08005aa4      0x780 ./Drivers/Middlewares/SSD1306/fonts.o
                0x08005aa4                Font7x10
 .rodata.aPLLMULFactorTable.1
                0x08006224       0x10 ./Drivers/STM32F1xx_HAL_Driver/Src/stm32f1xx_hal_rcc.o
 .rodata.aPredivFactorTable.0
                0x08006234        0x2 ./Drivers/STM32F1xx_HAL_Driver/Src/stm32f1xx_hal_rcc.o
 .rodata._svfprintf_r.str1.1
                0x08006236       0x33 E:/Program files/STM32CubeIDE_1.18.1/STM32CubeIDE/plugins/com.st.stm32cube.ide.mcu.externaltools.gnu-tools-for-stm32.13.3.rel1.win32_1.0.100.202509120712/tools/bin/../lib/gcc/arm-none-eabi/13.3.1/../../../../arm-none-eabi/lib/thumb/v7-m/nofp\libc_nano.a(libc_a-nano-svfprintf.o)
                                 0x11 (size before relaxing)
 .rodata._printf_i.str1.1
                0x08006269        0x0 E:/Program files/STM32CubeIDE_1.18.1/STM32CubeIDE/plugins/com.st.stm32cube.ide.mcu.externaltools.gnu-tools-for-stm32.13.3.rel1.win32_1.0.100.202509120712/tools/bin/../lib/gcc/arm-none-eabi/13.3.1/../../../../arm-none-eabi/lib/thumb/v7-m/nofp\libc_nano.a(libc_a-nano-vfprintf_i.o)
                                 0x22 (size before relaxing)
                0x0800626c                        . = ALIGN (0x4)
 *fill*         0x08006269        0x3 

.ARM.extab      0x0800626c        0x0
                0x0800626c                        . = ALIGN (0x4)
 *(.ARM.extab* .gnu.linkonce.armextab.*)
                0x0800626c                        . = ALIGN (0x4)

.ARM            0x0800626c        0x0
                0x0800626c                        . = ALIGN (0x4)
                0x0800626c                        __exidx_start = .
 *(.ARM.exidx*)
                0x0800626c                        __exidx_end = .
                0x0800626c                        . = ALIGN (0x4)

.preinit_array  0x0800626c        0x0
                0x0800626c                        . = ALIGN (0x4)
                0x0800626c                        PROVIDE (__preinit_array_start = .)
 *(.preinit_array*)
                0x0800626c                        PROVIDE (__preinit_array_end = .)
                0x0800626c                        . = ALIGN (0x4)

.init_array     0x0800626c        0x4
                0x0800626c                        . = ALIGN (0x4)
                0x0800626c                        PROVIDE (__init_array_start = .)
 *(SORT_BY_NAME(.init_array.*))
 *(.init_array*)
 .init_array    0x0800626c        0x4 E:/Program files/STM32CubeIDE_1.18.1/STM32CubeIDE/plugins/com.st.stm32cube.ide.mcu.externaltools.gnu-tools-for-stm32.13.3.rel1.win32_1.0.100.202509120712/tools/bin/../lib/gcc/arm-none-eabi/13.3.1/thumb/v7-m/nofp/crtbegin.o
                0x08006270                        PROVIDE (__init_array_end = .)
                0x08006270                        . = ALIGN (0x4)

.fini_array     0x08006270        0x4
                0x08006270                        . = ALIGN (0x4)
                [!provide]                        PROVIDE (__fini_array_start = .)
 *(SORT_BY_NAME(.fini_array.*))
 *(.fini_array*)
 .fini_array    0x08006270        0x4 E:/Program files/STM32CubeIDE_1.18.1/STM32CubeIDE/plugins/com.st.stm32cube.ide.mcu.externaltools.gnu-tools-for-stm32.13.3.rel1.win32_1.0.100.202509120712/tools/bin/../lib/gcc/arm-none-eabi/13.3.1/thumb/v7-m/nofp/crtbegin.o
                [!provide]                        PROVIDE (__fini_array_end = .)
                0x08006274                        . = ALIGN (0x4)
                0x08006274                        _sidata = LOADADDR (.data)

.rel.dyn        0x08006274        0x0
 .rel.iplt      0x08006274        0x0 E:/Program files/STM32CubeIDE_1.18.1/STM32CubeIDE/plugins/com.st.stm32cube.ide.mcu.externaltools.gnu-tools-for-stm32.13.3.rel1.win32_1.0.100.202509120712/tools/bin/../lib/gcc/arm-none-eabi/13.3.1/thumb/v7-m/nofp/crtbegin.o

.data           0x20000000       0xc8 load address 0x08006274
                0x20000000                        . = ALIGN (0x4)
                0x20000000                        _sdata = .
 *(.data)
 *(.data*)
 .data.last_dir
                0x20000000        0x1 ./Core/Src/general.o
 .data.last_spd
                0x20000001        0x1 ./Core/Src/general.o
 *fill*         0x20000002        0x2 
 .data.motors   0x20000004       0x60 ./Core/Src/motor.o
                0x20000004                motors
 .data.SystemCoreClock
                0x20000064        0x4 ./Core/Src/system_stm32f1xx.o
                0x20000064                SystemCoreClock
 .data.Font_7x10
                0x20000068        0x8 ./Drivers/Middlewares/SSD1306/fonts.o
                0x20000068                Font_7x10
 .data.uwTickPrio
                0x20000070        0x4 ./Drivers/STM32F1xx_HAL_Driver/Src/stm32f1xx_hal.o
                0x20000070                uwTickPrio
 .data.uwTickFreq
                0x20000074        0x1 ./Drivers/STM32F1xx_HAL_Driver/Src/stm32f1xx_hal.o
                0x20000074                uwTickFreq
 *fill*         0x20000075        0x3 
 .data._impure_ptr
                0x20000078        0x4 E:/Program files/STM32CubeIDE_1.18.1/STM32CubeIDE/plugins/com.st.stm32cube.ide.mcu.externaltools.gnu-tools-for-stm32.13.3.rel1.win32_1.0.100.202509120712/tools/bin/../lib/gcc/arm-none-eabi/13.3.1/../../../../arm-none-eabi/lib/thumb/v7-m/nofp\libc_nano.a(libc_a-impure.o)
                0x20000078                _impure_ptr
 .data._impure_data
                0x2000007c       0x4c E:/Program files/STM32CubeIDE_1.18.1/STM32CubeIDE/plugins/com.st.stm32cube.ide.mcu.externaltools.gnu-tools-for-stm32.13.3.rel1.win32_1.0.100.202509120712/tools/bin/../lib/gcc/arm-none-eabi/13.3.1/../../../../arm-none-eabi/lib/thumb/v7-m/nofp\libc_nano.a(libc_a-impure.o)
                0x2000007c                _impure_data
 *(.RamFunc)
 *(.RamFunc*)
                0x200000c8                        . = ALIGN (0x4)
                0x200000c8                        _edata = .

.igot.plt       0x200000c8        0x0 load address 0x0800633c
 .igot.plt      0x200000c8        0x0 E:/Program files/STM32CubeIDE_1.18.1/STM32CubeIDE/plugins/com.st.stm32cube.ide.mcu.externaltools.gnu-tools-for-stm32.13.3.rel1.win32_1.0.100.202509120712/tools/bin/../lib/gcc/arm-none-eabi/13.3.1/thumb/v7-m/nofp/crtbegin.o
                0x200000c8                        . = ALIGN (0x4)

.bss            0x200000c8      0x704 load address 0x0800633c
                0x200000c8                        _sbss = .
                0x200000c8                        __bss_start__ = _sbss
 *(.bss)
 .bss           0x200000c8       0x1c E:/Program files/STM32CubeIDE_1.18.1/STM32CubeIDE/plugins/com.st.stm32cube.ide.mcu.externaltools.gnu-tools-for-stm32.13.3.rel1.win32_1.0.100.202509120712/tools/bin/../lib/gcc/arm-none-eabi/13.3.1/thumb/v7-m/nofp/crtbegin.o
 *(.bss*)
 .bss.oledLine1
                0x200000e4       0x14 ./Core/Src/general.o
 .bss.oledLine2
                0x200000f8       0x14 ./Core/Src/general.o
 .bss.nrfPresent
                0x2000010c        0x1 ./Core/Src/general.o
 *fill*         0x2000010d        0x3 
 .bss.lastPacketTick
                0x20000110        0x4 ./Core/Src/general.o
 .bss.lastAngle
                0x20000114        0x2 ./Core/Src/general.o
 .bss.lastSpeed
                0x20000116        0x1 ./Core/Src/general.o
 .bss.blinkCount.0
                0x20000117        0x1 ./Core/Src/led.o
 .bss.hi2c1     0x20000118       0x54 ./Core/Src/main.o
                0x20000118                hi2c1
 .bss.hspi1     0x2000016c       0x58 ./Core/Src/main.o
                0x2000016c                hspi1
 .bss.htim1     0x200001c4       0x48 ./Core/Src/main.o
                0x200001c4                htim1
 .bss.htim2     0x2000020c       0x48 ./Core/Src/main.o
                0x2000020c                htim2
 .bss.statusLED
                0x20000254       0x10 ./Core/Src/main.o
                0x20000254                statusLED
 .bss.motorReady
                0x20000264        0x1 ./Core/Src/motor.o
 *fill*         0x20000265        0x3 
 .bss.nrfIrqCount
                0x20000268        0x4 ./Core/Src/nrf24_rx.o
                0x20000268                nrfIrqCount
 .bss.latestPkt
                0x2000026c        0x2 ./Core/Src/nrf24_rx.o
 .bss.packetAvailable
                0x2000026e        0x1 ./Core/Src/nrf24_rx.o
 *fill*         0x2000026f        0x1 
 .bss.oled_i2c  0x20000270        0x4 ./Core/Src/oled.o
 .bss.__sbrk_heap_end
                0x20000274        0x4 ./Core/Src/sysmem.o
 .bss.SSD1306_Buffer
                0x20000278      0x400 ./Drivers/Middlewares/SSD1306/ssd1306.o
 .bss.SSD1306   0x20000678        0x6 ./Drivers/Middlewares/SSD1306/ssd1306.o
 *fill*         0x2000067e        0x2 
 .bss.uwTick    0x20000680        0x4 ./Drivers/STM32F1xx_HAL_Driver/Src/stm32f1xx_hal.o
                0x20000680                uwTick
 .bss.__sf      0x20000684      0x138 E:/Program files/STM32CubeIDE_1.18.1/STM32CubeIDE/plugins/com.st.stm32cube.ide.mcu.externaltools.gnu-tools-for-stm32.13.3.rel1.win32_1.0.100.202509120712/tools/bin/../lib/gcc/arm-none-eabi/13.3.1/../../../../arm-none-eabi/lib/thumb/v7-m/nofp\libc_nano.a(libc_a-findfp.o)
                0x20000684                __sf
 .bss.errno     0x200007bc        0x4 E:/Program files/STM32CubeIDE_1.18.1/STM32CubeIDE/plugins/com.st.stm32cube.ide.mcu.externaltools.gnu-tools-for-stm32.13.3.rel1.win32_1.0.100.202509120712/tools/bin/../lib/gcc/arm-none-eabi/13.3.1/../../../../arm-none-eabi/lib/thumb/v7-m/nofp\libc_nano.a(libc_a-reent.o)
                0x200007bc                errno
 .bss.__lock___malloc_recursive_mutex
                0x200007c0        0x1 E:/Program files/STM32CubeIDE_1.18.1/STM32CubeIDE/plugins/com.st.stm32cube.ide.mcu.externaltools.gnu-tools-for-stm32.13.3.rel1.win32_1.0.100.202509120712/tools/bin/../lib/gcc/arm-none-eabi/13.3.1/../../../../arm-none-eabi/lib/thumb/v7-m/nofp\libc_nano.a(libc_a-lock.o)
                0x200007c0                __lock___malloc_recursive_mutex
 *fill*         0x200007c1        0x3 
 .bss.__malloc_sbrk_start
                0x200007c4        0x4 E:/Program files/STM32CubeIDE_1.18.1/STM32CubeIDE/plugins/com.st.stm32cube.ide.mcu.externaltools.gnu-tools-for-stm32.13.3.rel1.win32_1.0.100.202509120712/tools/bin/../lib/gcc/arm-none-eabi/13.3.1/../../../../arm-none-eabi/lib/thumb/v7-m/nofp\libc_nano.a(libc_a-mallocr.o)
                0x200007c4                __malloc_sbrk_start
 .bss.__malloc_free_list
                0x200007c8        0x4 E:/Program files/STM32CubeIDE_1.18.1/STM32CubeIDE/plugins/com.st.stm32cube.ide.mcu.externaltools.gnu-tools-for-stm32.13.3.rel1.win32_1.0.100.202509120712/tools/bin/../lib/gcc/arm-none-eabi/13.3.1/../../../../arm-none-eabi/lib/thumb/v7-m/nofp\libc_nano.a(libc_a-mallocr.o)
                0x200007c8                __malloc_free_list
 *(COMMON)
                0x200007cc                        . = ALIGN (0x4)
                0x200007cc                        _ebss = .
                0x200007cc                        __bss_end__ = _ebss

._user_heap_stack
                0x200007cc      0x604 load address 0x0800633c
                0x200007d0                        . = ALIGN (0x8)
 *fill*         0x200007cc        0x4 
                [!provide]                        PROVIDE (end = .)
                0x200007d0                        PROVIDE (_end = .)
                0x200009d0                        . = (. + _Min_Heap_Size)
 *fill*         0x200007d0      0x200 
                0x20000dd0                        . = (. + _Min_Stack_Size)
 *fill*         0x200009d0      0x400 
                0x20000dd0                        . = ALIGN (0x8)

/DISCARD/
 libc.a(*)
 libm.a(*)
 libgcc.a(*)

.ARM.attributes
                0x00000000       0x29
 *(.ARM.attributes)
 .ARM.attributes
                0x00000000       0x1d E:/Program files/STM32CubeIDE_1.18.1/STM32CubeIDE/plugins/com.st.stm32cube.ide.mcu.externaltools.gnu-tools-for-stm32.13.3.rel1.win32_1.0.100.202509120712/tools/bin/../lib/gcc/arm-none-eabi/13.3.1/thumb/v7-m/nofp/crti.o
 .ARM.attributes
                0x0000001d       0x2d E:/Program files/STM32CubeIDE_1.18.1/STM32CubeIDE/plugins/com.st.stm32cube.ide.mcu.externaltools.gnu-tools-for-stm32.13.3.rel1.win32_1.0.100.202509120712/tools/bin/../lib/gcc/arm-none-eabi/13.3.1/thumb/v7-m/nofp/crtbegin.o
 .ARM.attributes
                0x0000004a       0x2d ./Core/Src/general.o
 .ARM.attributes
                0x00000077       0x2d ./Core/Src/led.o
 .ARM.attributes
                0x000000a4       0x2d ./Core/Src/main.o
 .ARM.attributes
                0x000000d1       0x2d ./Core/Src/motor.o
 .ARM.attributes
                0x000000fe       0x2d ./Core/Src/nrf24_rx.o
 .ARM.attributes
                0x0000012b       0x2d ./Core/Src/oled.o
 .ARM.attributes
                0x00000158       0x2d ./Core/Src/stm32f1xx_hal_msp.o
 .ARM.attributes
                0x00000185       0x2d ./Core/Src/stm32f1xx_it.o
 .ARM.attributes
                0x000001b2       0x2d ./Core/Src/sysmem.o
 .ARM.attributes
                0x000001df       0x2d ./Core/Src/system_stm32f1xx.o
 .ARM.attributes
                0x0000020c       0x21 ./Core/Startup/startup_stm32f103c8tx.o
 .ARM.attributes
                0x0000022d       0x2d ./Drivers/Middlewares/SSD1306/fonts.o
 .ARM.attributes
                0x0000025a       0x2d ./Drivers/Middlewares/SSD1306/ssd1306.o
 .ARM.attributes
                0x00000287       0x2d ./Drivers/STM32F1xx_HAL_Driver/Src/stm32f1xx_hal.o
 .ARM.attributes
                0x000002b4       0x2d ./Drivers/STM32F1xx_HAL_Driver/Src/stm32f1xx_hal_cortex.o
 .ARM.attributes
                0x000002e1       0x2d ./Drivers/STM32F1xx_HAL_Driver/Src/stm32f1xx_hal_gpio.o
 .ARM.attributes
                0x0000030e       0x2d ./Drivers/STM32F1xx_HAL_Driver/Src/stm32f1xx_hal_i2c.o
 .ARM.attributes
                0x0000033b       0x2d ./Drivers/STM32F1xx_HAL_Driver/Src/stm32f1xx_hal_rcc.o
 .ARM.attributes
                0x00000368       0x2d ./Drivers/STM32F1xx_HAL_Driver/Src/stm32f1xx_hal_spi.o
 .ARM.attributes
                0x00000395       0x2d ./Drivers/STM32F1xx_HAL_Driver/Src/stm32f1xx_hal_tim.o
 .ARM.attributes
                0x000003c2       0x2d ./Drivers/STM32F1xx_HAL_Driver/Src/stm32f1xx_hal_tim_ex.o
 .ARM.attributes
                0x000003ef       0x2d E:/Program files/STM32CubeIDE_1.18.1/STM32CubeIDE/plugins/com.st.stm32cube.ide.mcu.externaltools.gnu-tools-for-stm32.13.3.rel1.win32_1.0.100.202509120712/tools/bin/../lib/gcc/arm-none-eabi/13.3.1/../../../../arm-none-eabi/lib/thumb/v7-m/nofp\libc_nano.a(libc_a-findfp.o)
 .ARM.attributes
                0x0000041c       0x2d E:/Program files/STM32CubeIDE_1.18.1/STM32CubeIDE/plugins/com.st.stm32cube.ide.mcu.externaltools.gnu-tools-for-stm32.13.3.rel1.win32_1.0.100.202509120712/tools/bin/../lib/gcc/arm-none-eabi/13.3.1/../../../../arm-none-eabi/lib/thumb/v7-m/nofp\libc_nano.a(libc_a-snprintf.o)
 .ARM.attributes
                0x00000449       0x2d E:/Program files/STM32CubeIDE_1.18.1/STM32CubeIDE/plugins/com.st.stm32cube.ide.mcu.externaltools.gnu-tools-for-stm32.13.3.rel1.win32_1.0.100.202509120712/tools/bin/../lib/gcc/arm-none-eabi/13.3.1/../../../../arm-none-eabi/lib/thumb/v7-m/nofp\libc_nano.a(libc_a-memset.o)
 .ARM.attributes
                0x00000476       0x2d E:/Program files/STM32CubeIDE_1.18.1/STM32CubeIDE/plugins/com.st.stm32cube.ide.mcu.externaltools.gnu-tools-for-stm32.13.3.rel1.win32_1.0.100.202509120712/tools/bin/../lib/gcc/arm-none-eabi/13.3.1/../../../../arm-none-eabi/lib/thumb/v7-m/nofp\libc_nano.a(libc_a-reent.o)
 .ARM.attributes
                0x000004a3       0x2d E:/Program files/STM32CubeIDE_1.18.1/STM32CubeIDE/plugins/com.st.stm32cube.ide.mcu.externaltools.gnu-tools-for-stm32.13.3.rel1.win32_1.0.100.202509120712/tools/bin/../lib/gcc/arm-none-eabi/13.3.1/../../../../arm-none-eabi/lib/thumb/v7-m/nofp\libc_nano.a(libc_a-impure.o)
 .ARM.attributes
                0x000004d0       0x2d E:/Program files/STM32CubeIDE_1.18.1/STM32CubeIDE/plugins/com.st.stm32cube.ide.mcu.externaltools.gnu-tools-for-stm32.13.3.rel1.win32_1.0.100.202509120712/tools/bin/../lib/gcc/arm-none-eabi/13.3.1/../../../../arm-none-eabi/lib/thumb/v7-m/nofp\libc_nano.a(libc_a-errno.o)
 .ARM.attributes
                0x000004fd       0x2d E:/Program files/STM32CubeIDE_1.18.1/STM32CubeIDE/plugins/com.st.stm32cube.ide.mcu.externaltools.gnu-tools-for-stm32.13.3.rel1.win32_1.0.100.202509120712/tools/bin/../lib/gcc/arm-none-eabi/13.3.1/../../../../arm-none-eabi/lib/thumb/v7-m/nofp\libc_nano.a(libc_a-init.o)
 .ARM.attributes
                0x0000052a       0x2d E:/Program files/STM32CubeIDE_1.18.1/STM32CubeIDE/plugins/com.st.stm32cube.ide.mcu.externaltools.gnu-tools-for-stm32.13.3.rel1.win32_1.0.100.202509120712/tools/bin/../lib/gcc/arm-none-eabi/13.3.1/../../../../arm-none-eabi/lib/thumb/v7-m/nofp\libc_nano.a(libc_a-lock.o)
 .ARM.attributes
                0x00000557       0x2d E:/Program files/STM32CubeIDE_1.18.1/STM32CubeIDE/plugins/com.st.stm32cube.ide.mcu.externaltools.gnu-tools-for-stm32.13.3.rel1.win32_1.0.100.202509120712/tools/bin/../lib/gcc/arm-none-eabi/13.3.1/../../../../arm-none-eabi/lib/thumb/v7-m/nofp\libc_nano.a(libc_a-freer.o)
 .ARM.attributes
                0x00000584       0x2d E:/Program files/STM32CubeIDE_1.18.1/STM32CubeIDE/plugins/com.st.stm32cube.ide.mcu.externaltools.gnu-tools-for-stm32.13.3.rel1.win32_1.0.100.202509120712/tools/bin/../lib/gcc/arm-none-eabi/13.3.1/../../../../arm-none-eabi/lib/thumb/v7-m/nofp\libc_nano.a(libc_a-mallocr.o)
 .ARM.attributes
                0x000005b1       0x2d E:/Program files/STM32CubeIDE_1.18.1/STM32CubeIDE/plugins/com.st.stm32cube.ide.mcu.externaltools.gnu-tools-for-stm32.13.3.rel1.win32_1.0.100.202509120712/tools/bin/../lib/gcc/arm-none-eabi/13.3.1/../../../../arm-none-eabi/lib/thumb/v7-m/nofp\libc_nano.a(libc_a-mlock.o)
 .ARM.attributes
                0x000005de       0x2d E:/Program files/STM32CubeIDE_1.18.1/STM32CubeIDE/plugins/com.st.stm32cube.ide.mcu.externaltools.gnu-tools-for-stm32.13.3.rel1.win32_1.0.100.202509120712/tools/bin/../lib/gcc/arm-none-eabi/13.3.1/../../../../arm-none-eabi/lib/thumb/v7-m/nofp\libc_nano.a(libc_a-nano-svfprintf.o)
 .ARM.attributes
                0x0000060b       0x2d E:/Program files/STM32CubeIDE_1.18.1/STM32CubeIDE/plugins/com.st.stm32cube.ide.mcu.externaltools.gnu-tools-for-stm32.13.3.rel1.win32_1.0.100.202509120712/tools/bin/../lib/gcc/arm-none-eabi/13.3.1/../../../../arm-none-eabi/lib/thumb/v7-m/nofp\libc_nano.a(libc_a-nano-vfprintf_i.o)
 .ARM.attributes
                0x00000638       0x2d E:/Program files/STM32CubeIDE_1.18.1/STM32CubeIDE/plugins/com.st.stm32cube.ide.mcu.externaltools.gnu-tools-for-stm32.13.3.rel1.win32_1.0.100.202509120712/tools/bin/../lib/gcc/arm-none-eabi/13.3.1/../../../../arm-none-eabi/lib/thumb/v7-m/nofp\libc_nano.a(libc_a-memmove.o)
 .ARM.attributes
                0x00000665       0x2d E:/Program files/STM32CubeIDE_1.18.1/STM32CubeIDE/plugins/com.st.stm32cube.ide.mcu.externaltools.gnu-tools-for-stm32.13.3.rel1.win32_1.0.100.202509120712/tools/bin/../lib/gcc/arm-none-eabi/13.3.1/../../../../arm-none-eabi/lib/thumb/v7-m/nofp\libc_nano.a(libc_a-sbrkr.o)
 .ARM.attributes
                0x00000692       0x2d E:/Program files/STM32CubeIDE_1.18.1/STM32CubeIDE/plugins/com.st.stm32cube.ide.mcu.externaltools.gnu-tools-for-stm32.13.3.rel1.win32_1.0.100.202509120712/tools/bin/../lib/gcc/arm-none-eabi/13.3.1/../../../../arm-none-eabi/lib/thumb/v7-m/nofp\libc_nano.a(libc_a-memchr-stub.o)
 .ARM.attributes
                0x000006bf       0x2d E:/Program files/STM32CubeIDE_1.18.1/STM32CubeIDE/plugins/com.st.stm32cube.ide.mcu.externaltools.gnu-tools-for-stm32.13.3.rel1.win32_1.0.100.202509120712/tools/bin/../lib/gcc/arm-none-eabi/13.3.1/../../../../arm-none-eabi/lib/thumb/v7-m/nofp\libc_nano.a(libc_a-memcpy-stub.o)
 .ARM.attributes
                0x000006ec       0x2d E:/Program files/STM32CubeIDE_1.18.1/STM32CubeIDE/plugins/com.st.stm32cube.ide.mcu.externaltools.gnu-tools-for-stm32.13.3.rel1.win32_1.0.100.202509120712/tools/bin/../lib/gcc/arm-none-eabi/13.3.1/../../../../arm-none-eabi/lib/thumb/v7-m/nofp\libc_nano.a(libc_a-reallocr.o)
 .ARM.attributes
                0x00000719       0x2d E:/Program files/STM32CubeIDE_1.18.1/STM32CubeIDE/plugins/com.st.stm32cube.ide.mcu.externaltools.gnu-tools-for-stm32.13.3.rel1.win32_1.0.100.202509120712/tools/bin/../lib/gcc/arm-none-eabi/13.3.1/../../../../arm-none-eabi/lib/thumb/v7-m/nofp\libc_nano.a(libc_a-msizer.o)
 .ARM.attributes
                0x00000746       0x1d E:/Program files/STM32CubeIDE_1.18.1/STM32CubeIDE/plugins/com.st.stm32cube.ide.mcu.externaltools.gnu-tools-for-stm32.13.3.rel1.win32_1.0.100.202509120712/tools/bin/../lib/gcc/arm-none-eabi/13.3.1/thumb/v7-m/nofp/crtn.o
OUTPUT(RC car CUBEIDE.elf elf32-littlearm)
LOAD linker stubs
LOAD E:/Program files/STM32CubeIDE_1.18.1/STM32CubeIDE/plugins/com.st.stm32cube.ide.mcu.externaltools.gnu-tools-for-stm32.13.3.rel1.win32_1.0.100.202509120712/tools/bin/../lib/gcc/arm-none-eabi/13.3.1/../../../../arm-none-eabi/lib/thumb/v7-m/nofp\libc.a
LOAD E:/Program files/STM32CubeIDE_1.18.1/STM32CubeIDE/plugins/com.st.stm32cube.ide.mcu.externaltools.gnu-tools-for-stm32.13.3.rel1.win32_1.0.100.202509120712/tools/bin/../lib/gcc/arm-none-eabi/13.3.1/../../../../arm-none-eabi/lib/thumb/v7-m/nofp\libm.a
LOAD E:/Program files/STM32CubeIDE_1.18.1/STM32CubeIDE/plugins/com.st.stm32cube.ide.mcu.externaltools.gnu-tools-for-stm32.13.3.rel1.win32_1.0.100.202509120712/tools/bin/../lib/gcc/arm-none-eabi/13.3.1/thumb/v7-m/nofp\libgcc.a

.debug_info     0x00000000     0xf749
 .debug_info    0x00000000      0x505 ./Core/Src/general.o
 .debug_info    0x00000505      0x2a9 ./Core/Src/led.o
 .debug_info    0x000007ae     0x16c4 ./Core/Src/main.o
 .debug_info    0x00001e72      0x9c8 ./Core/Src/motor.o
 .debug_info    0x0000283a      0x8e7 ./Core/Src/nrf24_rx.o
 .debug_info    0x00003121      0x83b ./Core/Src/oled.o
 .debug_info    0x0000395c      0xf96 ./Core/Src/stm32f1xx_hal_msp.o
 .debug_info    0x000048f2      0x153 ./Core/Src/stm32f1xx_it.o
 .debug_info    0x00004a45      0x168 ./Core/Src/sysmem.o
 .debug_info    0x00004bad      0x222 ./Core/Src/system_stm32f1xx.o
 .debug_info    0x00004dcf       0x30 ./Core/Startup/startup_stm32f103c8tx.o
 .debug_info    0x00004dff      0x2d2 ./Drivers/Middlewares/SSD1306/fonts.o
 .debug_info    0x000050d1     0x1028 ./Drivers/Middlewares/SSD1306/ssd1306.o
 .debug_info    0x000060f9      0x704 ./Drivers/STM32F1xx_HAL_Driver/Src/stm32f1xx_hal.o
 .debug_info    0x000067fd      0xa87 ./Drivers/STM32F1xx_HAL_Driver/Src/stm32f1xx_hal_cortex.o
 .debug_info    0x00007284      0x5ab ./Drivers/STM32F1xx_HAL_Driver/Src/stm32f1xx_hal_gpio.o
 .debug_info    0x0000782f     0x2524 ./Drivers/STM32F1xx_HAL_Driver/Src/stm32f1xx_hal_i2c.o
 .debug_info    0x00009d53      0x7d5 ./Drivers/STM32F1xx_HAL_Driver/Src/stm32f1xx_hal_rcc.o
 .debug_info    0x0000a528     0x142d ./Drivers/STM32F1xx_HAL_Driver/Src/stm32f1xx_hal_spi.o
 .debug_info    0x0000b955     0x2959 ./Drivers/STM32F1xx_HAL_Driver/Src/stm32f1xx_hal_tim.o
 .debug_info    0x0000e2ae     0x149b ./Drivers/STM32F1xx_HAL_Driver/Src/stm32f1xx_hal_tim_ex.o

.debug_abbrev   0x00000000     0x29d3
 .debug_abbrev  0x00000000      0x1f0 ./Core/Src/general.o
 .debug_abbrev  0x000001f0      0x18a ./Core/Src/led.o
 .debug_abbrev  0x0000037a      0x2fa ./Core/Src/main.o
 .debug_abbrev  0x00000674      0x237 ./Core/Src/motor.o
 .debug_abbrev  0x000008ab      0x29b ./Core/Src/nrf24_rx.o
 .debug_abbrev  0x00000b46      0x1f3 ./Core/Src/oled.o
 .debug_abbrev  0x00000d39      0x200 ./Core/Src/stm32f1xx_hal_msp.o
 .debug_abbrev  0x00000f39       0xb3 ./Core/Src/stm32f1xx_it.o
 .debug_abbrev  0x00000fec       0xbc ./Core/Src/sysmem.o
 .debug_abbrev  0x000010a8      0x13f ./Core/Src/system_stm32f1xx.o
 .debug_abbrev  0x000011e7       0x24 ./Core/Startup/startup_stm32f103c8tx.o
 .debug_abbrev  0x0000120b      0x12f ./Drivers/Middlewares/SSD1306/fonts.o
 .debug_abbrev  0x0000133a      0x30d ./Drivers/Middlewares/SSD1306/ssd1306.o
 .debug_abbrev  0x00001647      0x201 ./Drivers/STM32F1xx_HAL_Driver/Src/stm32f1xx_hal.o
 .debug_abbrev  0x00001848      0x2f8 ./Drivers/STM32F1xx_HAL_Driver/Src/stm32f1xx_hal_cortex.o
 .debug_abbrev  0x00001b40      0x1ca ./Drivers/STM32F1xx_HAL_Driver/Src/stm32f1xx_hal_gpio.o
 .debug_abbrev  0x00001d0a      0x2a3 ./Drivers/STM32F1xx_HAL_Driver/Src/stm32f1xx_hal_i2c.o
 .debug_abbrev  0x00001fad      0x2b3 ./Drivers/STM32F1xx_HAL_Driver/Src/stm32f1xx_hal_rcc.o
 .debug_abbrev  0x00002260      0x27a ./Drivers/STM32F1xx_HAL_Driver/Src/stm32f1xx_hal_spi.o
 .debug_abbrev  0x000024da      0x277 ./Drivers/STM32F1xx_HAL_Driver/Src/stm32f1xx_hal_tim.o
 .debug_abbrev  0x00002751      0x282 ./Drivers/STM32F1xx_HAL_Driver/Src/stm32f1xx_hal_tim_ex.o

.debug_aranges  0x00000000     0x10a0
 .debug_aranges
                0x00000000       0x28 ./Core/Src/general.o
 .debug_aranges
                0x00000028       0x28 ./Core/Src/led.o
 .debug_aranges
                0x00000050       0x58 ./Core/Src/main.o
 .debug_aranges
                0x000000a8       0x50 ./Core/Src/motor.o
 .debug_aranges
                0x000000f8       0x88 ./Core/Src/nrf24_rx.o
 .debug_aranges
                0x00000180       0x60 ./Core/Src/oled.o
 .debug_aranges
                0x000001e0       0x58 ./Core/Src/stm32f1xx_hal_msp.o
 .debug_aranges
                0x00000238       0x68 ./Core/Src/stm32f1xx_it.o
 .debug_aranges
                0x000002a0       0x20 ./Core/Src/sysmem.o
 .debug_aranges
                0x000002c0       0x28 ./Core/Src/system_stm32f1xx.o
 .debug_aranges
                0x000002e8       0x28 ./Core/Startup/startup_stm32f103c8tx.o
 .debug_aranges
                0x00000310       0x20 ./Drivers/Middlewares/SSD1306/fonts.o
 .debug_aranges
                0x00000330       0xf8 ./Drivers/Middlewares/SSD1306/ssd1306.o
 .debug_aranges
                0x00000428       0xe0 ./Drivers/STM32F1xx_HAL_Driver/Src/stm32f1xx_hal.o
 .debug_aranges
                0x00000508      0x100 ./Drivers/STM32F1xx_HAL_Driver/Src/stm32f1xx_hal_cortex.o
 .debug_aranges
                0x00000608       0x58 ./Drivers/STM32F1xx_HAL_Driver/Src/stm32f1xx_hal_gpio.o
 .debug_aranges
                0x00000660      0x2a8 ./Drivers/STM32F1xx_HAL_Driver/Src/stm32f1xx_hal_i2c.o
 .debug_aranges
                0x00000908       0x90 ./Drivers/STM32F1xx_HAL_Driver/Src/stm32f1xx_hal_rcc.o
 .debug_aranges
                0x00000998      0x1d0 ./Drivers/STM32F1xx_HAL_Driver/Src/stm32f1xx_hal_spi.o
 .debug_aranges
                0x00000b68      0x3d0 ./Drivers/STM32F1xx_HAL_Driver/Src/stm32f1xx_hal_tim.o
 .debug_aranges
                0x00000f38      0x168 ./Drivers/STM32F1xx_HAL_Driver/Src/stm32f1xx_hal_tim_ex.o

.debug_rnglists
                0x00000000      0xced
 .debug_rnglists
                0x00000000       0x1a ./Core/Src/general.o
 .debug_rnglists
                0x0000001a       0x1a ./Core/Src/led.o
 .debug_rnglists
                0x00000034       0x42 ./Core/Src/main.o
 .debug_rnglists
                0x00000076       0x3b ./Core/Src/motor.o
 .debug_rnglists
                0x000000b1       0x63 ./Core/Src/nrf24_rx.o
 .debug_rnglists
                0x00000114       0x43 ./Core/Src/oled.o
 .debug_rnglists
                0x00000157       0x40 ./Core/Src/stm32f1xx_hal_msp.o
 .debug_rnglists
                0x00000197       0x49 ./Core/Src/stm32f1xx_it.o
 .debug_rnglists
                0x000001e0       0x13 ./Core/Src/sysmem.o
 .debug_rnglists
                0x000001f3       0x1a ./Core/Src/system_stm32f1xx.o
 .debug_rnglists
                0x0000020d       0x19 ./Core/Startup/startup_stm32f103c8tx.o
 .debug_rnglists
                0x00000226       0x13 ./Drivers/Middlewares/SSD1306/fonts.o
 .debug_rnglists
                0x00000239       0xc2 ./Drivers/Middlewares/SSD1306/ssd1306.o
 .debug_rnglists
                0x000002fb       0xa3 ./Drivers/STM32F1xx_HAL_Driver/Src/stm32f1xx_hal.o
 .debug_rnglists
                0x0000039e       0xbb ./Drivers/STM32F1xx_HAL_Driver/Src/stm32f1xx_hal_cortex.o
 .debug_rnglists
                0x00000459       0x3f ./Drivers/STM32F1xx_HAL_Driver/Src/stm32f1xx_hal_gpio.o
 .debug_rnglists
                0x00000498      0x23c ./Drivers/STM32F1xx_HAL_Driver/Src/stm32f1xx_hal_i2c.o
 .debug_rnglists
                0x000006d4       0x6c ./Drivers/STM32F1xx_HAL_Driver/Src/stm32f1xx_hal_rcc.o
 .debug_rnglists
                0x00000740      0x16e ./Drivers/STM32F1xx_HAL_Driver/Src/stm32f1xx_hal_spi.o
 .debug_rnglists
                0x000008ae      0x31a ./Drivers/STM32F1xx_HAL_Driver/Src/stm32f1xx_hal_tim.o
 .debug_rnglists
                0x00000bc8      0x125 ./Drivers/STM32F1xx_HAL_Driver/Src/stm32f1xx_hal_tim_ex.o

.debug_macro    0x00000000    0x18f28
 .debug_macro   0x00000000      0x2f0 ./Core/Src/general.o
 .debug_macro   0x000002f0      0xacc ./Core/Src/general.o
 .debug_macro   0x00000dbc      0x221 ./Core/Src/general.o
 .debug_macro   0x00000fdd       0x2e ./Core/Src/general.o
 .debug_macro   0x0000100b       0x22 ./Core/Src/general.o
 .debug_macro   0x0000102d       0x22 ./Core/Src/general.o
 .debug_macro   0x0000104f       0x8e ./Core/Src/general.o
 .debug_macro   0x000010dd       0x51 ./Core/Src/general.o
 .debug_macro   0x0000112e      0x103 ./Core/Src/general.o
 .debug_macro   0x00001231       0x6a ./Core/Src/general.o
 .debug_macro   0x0000129b      0x1df ./Core/Src/general.o
 .debug_macro   0x0000147a       0x1c ./Core/Src/general.o
 .debug_macro   0x00001496       0x22 ./Core/Src/general.o
 .debug_macro   0x000014b8       0xbd ./Core/Src/general.o
 .debug_macro   0x00001575      0xd23 ./Core/Src/general.o
 .debug_macro   0x00002298     0xe09e ./Core/Src/general.o
 .debug_macro   0x00010336       0x6d ./Core/Src/general.o
 .debug_macro   0x000103a3     0x34a2 ./Core/Src/general.o
 .debug_macro   0x00013845      0x190 ./Core/Src/general.o
 .debug_macro   0x000139d5       0x5c ./Core/Src/general.o
 .debug_macro   0x00013a31      0x5bc ./Core/Src/general.o
 .debug_macro   0x00013fed      0x289 ./Core/Src/general.o
 .debug_macro   0x00014276      0x1cb ./Core/Src/general.o
 .debug_macro   0x00014441      0x114 ./Core/Src/general.o
 .debug_macro   0x00014555      0x1b2 ./Core/Src/general.o
 .debug_macro   0x00014707       0x27 ./Core/Src/general.o
 .debug_macro   0x0001472e      0x136 ./Core/Src/general.o
 .debug_macro   0x00014864      0x1bc ./Core/Src/general.o
 .debug_macro   0x00014a20       0x34 ./Core/Src/general.o
 .debug_macro   0x00014a54       0x3c ./Core/Src/general.o
 .debug_macro   0x00014a90       0x57 ./Core/Src/general.o
 .debug_macro   0x00014ae7       0x87 ./Core/Src/general.o
 .debug_macro   0x00014b6e      0x240 ./Core/Src/general.o
 .debug_macro   0x00014dae      0x287 ./Core/Src/general.o
 .debug_macro   0x00015035      0x140 ./Core/Src/general.o
 .debug_macro   0x00015175      0x217 ./Core/Src/general.o
 .debug_macro   0x0001538c      0x8ed ./Core/Src/general.o
 .debug_macro   0x00015c79       0x83 ./Core/Src/general.o
 .debug_macro   0x00015cfc       0x22 ./Core/Src/general.o
 .debug_macro   0x00015d1e       0x52 ./Core/Src/general.o
 .debug_macro   0x00015d70       0x64 ./Core/Src/general.o
 .debug_macro   0x00015dd4       0x61 ./Core/Src/general.o
 .debug_macro   0x00015e35       0x24 ./Core/Src/general.o
 .debug_macro   0x00015e59       0x43 ./Core/Src/general.o
 .debug_macro   0x00015e9c       0x34 ./Core/Src/general.o
 .debug_macro   0x00015ed0       0x16 ./Core/Src/general.o
 .debug_macro   0x00015ee6       0x3c ./Core/Src/general.o
 .debug_macro   0x00015f22      0x370 ./Core/Src/general.o
 .debug_macro   0x00016292       0x10 ./Core/Src/general.o
 .debug_macro   0x000162a2       0x16 ./Core/Src/general.o
 .debug_macro   0x000162b8       0x4a ./Core/Src/general.o
 .debug_macro   0x00016302       0x34 ./Core/Src/general.o
 .debug_macro   0x00016336       0x10 ./Core/Src/general.o
 .debug_macro   0x00016346       0x58 ./Core/Src/general.o
 .debug_macro   0x0001639e       0x8e ./Core/Src/general.o
 .debug_macro   0x0001642c       0x1c ./Core/Src/general.o
 .debug_macro   0x00016448      0x185 ./Core/Src/general.o
 .debug_macro   0x000165cd       0x16 ./Core/Src/general.o
 .debug_macro   0x000165e3       0x16 ./Core/Src/general.o
 .debug_macro   0x000165f9      0x146 ./Core/Src/general.o
 .debug_macro   0x0001673f      0x205 ./Core/Src/led.o
 .debug_macro   0x00016944      0x210 ./Core/Src/main.o
 .debug_macro   0x00016b54      0x1b7 ./Core/Src/motor.o
 .debug_macro   0x00016d0b      0x20d ./Core/Src/nrf24_rx.o
 .debug_macro   0x00016f18      0x2ef ./Core/Src/oled.o
 .debug_macro   0x00017207       0x10 ./Core/Src/oled.o
 .debug_macro   0x00017217       0x20 ./Core/Src/oled.o
 .debug_macro   0x00017237       0x16 ./Core/Src/oled.o
 .debug_macro   0x0001724d       0x16 ./Core/Src/oled.o
 .debug_macro   0x00017263       0x29 ./Core/Src/oled.o
 .debug_macro   0x0001728c       0x1c ./Core/Src/oled.o
 .debug_macro   0x000172a8      0x1c6 ./Core/Src/stm32f1xx_hal_msp.o
 .debug_macro   0x0001746e      0x1ca ./Core/Src/stm32f1xx_it.o
 .debug_macro   0x00017638      0x112 ./Core/Src/sysmem.o
 .debug_macro   0x0001774a      0x23c ./Core/Src/sysmem.o
 .debug_macro   0x00017986      0x1ad ./Core/Src/system_stm32f1xx.o
 .debug_macro   0x00017b33      0x285 ./Drivers/Middlewares/SSD1306/fonts.o
 .debug_macro   0x00017db8      0x310 ./Drivers/Middlewares/SSD1306/ssd1306.o
 .debug_macro   0x000180c8      0x1d1 ./Drivers/STM32F1xx_HAL_Driver/Src/stm32f1xx_hal.o
 .debug_macro   0x00018299      0x1ad ./Drivers/STM32F1xx_HAL_Driver/Src/stm32f1xx_hal_cortex.o
 .debug_macro   0x00018446      0x218 ./Drivers/STM32F1xx_HAL_Driver/Src/stm32f1xx_hal_gpio.o
 .debug_macro   0x0001865e      0x1fb ./Drivers/STM32F1xx_HAL_Driver/Src/stm32f1xx_hal_i2c.o
 .debug_macro   0x00018859      0x1bf ./Drivers/STM32F1xx_HAL_Driver/Src/stm32f1xx_hal_rcc.o
 .debug_macro   0x00018a18      0x1b5 ./Drivers/STM32F1xx_HAL_Driver/Src/stm32f1xx_hal_spi.o
 .debug_macro   0x00018bcd      0x1ae ./Drivers/STM32F1xx_HAL_Driver/Src/stm32f1xx_hal_tim.o
 .debug_macro   0x00018d7b      0x1ad ./Drivers/STM32F1xx_HAL_Driver/Src/stm32f1xx_hal_tim_ex.o

.debug_line     0x00000000    0x146af
 .debug_line    0x00000000      0xaa5 ./Core/Src/general.o
 .debug_line    0x00000aa5      0x85d ./Core/Src/led.o
 .debug_line    0x00001302      0xa46 ./Core/Src/main.o
 .debug_line    0x00001d48      0x8c0 ./Core/Src/motor.o
 .debug_line    0x00002608      0x90a ./Core/Src/nrf24_rx.o
 .debug_line    0x00002f12      0xad8 ./Core/Src/oled.o
 .debug_line    0x000039ea      0x877 ./Core/Src/stm32f1xx_hal_msp.o
 .debug_line    0x00004261      0x7d5 ./Core/Src/stm32f1xx_it.o
 .debug_line    0x00004a36      0x687 ./Core/Src/sysmem.o
 .debug_line    0x000050bd      0x795 ./Core/Src/system_stm32f1xx.o
 .debug_line    0x00005852       0x78 ./Core/Startup/startup_stm32f103c8tx.o
 .debug_line    0x000058ca      0x990 ./Drivers/Middlewares/SSD1306/fonts.o
 .debug_line    0x0000625a     0x10ff ./Drivers/Middlewares/SSD1306/ssd1306.o
 .debug_line    0x00007359      0x9c6 ./Drivers/STM32F1xx_HAL_Driver/Src/stm32f1xx_hal.o
 .debug_line    0x00007d1f      0xb90 ./Drivers/STM32F1xx_HAL_Driver/Src/stm32f1xx_hal_cortex.o
 .debug_line    0x000088af      0xa23 ./Drivers/STM32F1xx_HAL_Driver/Src/stm32f1xx_hal_gpio.o
 .debug_line    0x000092d2     0x3bc3 ./Drivers/STM32F1xx_HAL_Driver/Src/stm32f1xx_hal_i2c.o
 .debug_line    0x0000ce95      0xe7f ./Drivers/STM32F1xx_HAL_Driver/Src/stm32f1xx_hal_rcc.o
 .debug_line    0x0000dd14     0x1c5d ./Drivers/STM32F1xx_HAL_Driver/Src/stm32f1xx_hal_spi.o
 .debug_line    0x0000f971     0x34b4 ./Drivers/STM32F1xx_HAL_Driver/Src/stm32f1xx_hal_tim.o
 .debug_line    0x00012e25     0x188a ./Drivers/STM32F1xx_HAL_Driver/Src/stm32f1xx_hal_tim_ex.o

.debug_str      0x00000000    0x8d290
 .debug_str     0x00000000    0x8d290 ./Core/Src/general.o
                              0x88593 (size before relaxing)
 .debug_str     0x0008d290        0x0 ./Core/Src/led.o
                              0x84a88 (size before relaxing)
 .debug_str     0x0008d290        0x0 ./Core/Src/main.o
                              0x85e3d (size before relaxing)
 .debug_str     0x0008d290        0x0 ./Core/Src/motor.o
                              0x84ee6 (size before relaxing)
 .debug_str     0x0008d290        0x0 ./Core/Src/nrf24_rx.o
                              0x84f3f (size before relaxing)
 .debug_str     0x0008d290        0x0 ./Core/Src/oled.o
                              0x882df (size before relaxing)
 .debug_str     0x0008d290        0x0 ./Core/Src/stm32f1xx_hal_msp.o
                              0x8542f (size before relaxing)
 .debug_str     0x0008d290        0x0 ./Core/Src/stm32f1xx_it.o
                              0x84a63 (size before relaxing)
 .debug_str     0x0008d290        0x0 ./Core/Src/sysmem.o
                               0x7735 (size before relaxing)
 .debug_str     0x0008d290        0x0 ./Core/Src/system_stm32f1xx.o
                              0x84893 (size before relaxing)
 .debug_str     0x0008d290        0x0 ./Core/Startup/startup_stm32f103c8tx.o
                                 0x8f (size before relaxing)
 .debug_str     0x0008d290        0x0 ./Drivers/Middlewares/SSD1306/fonts.o
                              0x87ab7 (size before relaxing)
 .debug_str     0x0008d290        0x0 ./Drivers/Middlewares/SSD1306/ssd1306.o
                              0x88562 (size before relaxing)
 .debug_str     0x0008d290        0x0 ./Drivers/STM32F1xx_HAL_Driver/Src/stm32f1xx_hal.o
                              0x84fc6 (size before relaxing)
 .debug_str     0x0008d290        0x0 ./Drivers/STM32F1xx_HAL_Driver/Src/stm32f1xx_hal_cortex.o
                              0x84f12 (size before relaxing)
 .debug_str     0x0008d290        0x0 ./Drivers/STM32F1xx_HAL_Driver/Src/stm32f1xx_hal_gpio.o
                              0x84c19 (size before relaxing)
 .debug_str     0x0008d290        0x0 ./Drivers/STM32F1xx_HAL_Driver/Src/stm32f1xx_hal_i2c.o
                              0x8595a (size before relaxing)
 .debug_str     0x0008d290        0x0 ./Drivers/STM32F1xx_HAL_Driver/Src/stm32f1xx_hal_rcc.o
                              0x84cc2 (size before relaxing)
 .debug_str     0x0008d290        0x0 ./Drivers/STM32F1xx_HAL_Driver/Src/stm32f1xx_hal_spi.o
                              0x851b9 (size before relaxing)
 .debug_str     0x0008d290        0x0 ./Drivers/STM32F1xx_HAL_Driver/Src/stm32f1xx_hal_tim.o
                              0x85cc4 (size before relaxing)
 .debug_str     0x0008d290        0x0 ./Drivers/STM32F1xx_HAL_Driver/Src/stm32f1xx_hal_tim_ex.o
                              0x854d0 (size before relaxing)

.comment        0x00000000       0x43
 .comment       0x00000000       0x43 ./Core/Src/general.o
                                 0x44 (size before relaxing)
 .comment       0x00000043        0x0 ./Core/Src/led.o
                                 0x44 (size before relaxing)
 .comment       0x00000043        0x0 ./Core/Src/main.o
                                 0x44 (size before relaxing)
 .comment       0x00000043        0x0 ./Core/Src/motor.o
                                 0x44 (size before relaxing)
 .comment       0x00000043        0x0 ./Core/Src/nrf24_rx.o
                                 0x44 (size before relaxing)
 .comment       0x00000043        0x0 ./Core/Src/oled.o
                                 0x44 (size before relaxing)
 .comment       0x00000043        0x0 ./Core/Src/stm32f1xx_hal_msp.o
                                 0x44 (size before relaxing)
 .comment       0x00000043        0x0 ./Core/Src/stm32f1xx_it.o
                                 0x44 (size before relaxing)
 .comment       0x00000043        0x0 ./Core/Src/sysmem.o
                                 0x44 (size before relaxing)
 .comment       0x00000043        0x0 ./Core/Src/system_stm32f1xx.o
                                 0x44 (size before relaxing)
 .comment       0x00000043        0x0 ./Drivers/Middlewares/SSD1306/fonts.o
                                 0x44 (size before relaxing)
 .comment       0x00000043        0x0 ./Drivers/Middlewares/SSD1306/ssd1306.o
                                 0x44 (size before relaxing)
 .comment       0x00000043        0x0 ./Drivers/STM32F1xx_HAL_Driver/Src/stm32f1xx_hal.o
                                 0x44 (size before relaxing)
 .comment       0x00000043        0x0 ./Drivers/STM32F1xx_HAL_Driver/Src/stm32f1xx_hal_cortex.o
                                 0x44 (size before relaxing)
 .comment       0x00000043        0x0 ./Drivers/STM32F1xx_HAL_Driver/Src/stm32f1xx_hal_gpio.o
                                 0x44 (size before relaxing)
 .comment       0x00000043        0x0 ./Drivers/STM32F1xx_HAL_Driver/Src/stm32f1xx_hal_i2c.o
                                 0x44 (size before relaxing)
 .comment       0x00000043        0x0 ./Drivers/STM32F1xx_HAL_Driver/Src/stm32f1xx_hal_rcc.o
                                 0x44 (size before relaxing)
 .comment       0x00000043        0x0 ./Drivers/STM32F1xx_HAL_Driver/Src/stm32f1xx_hal_spi.o
                                 0x44 (size before relaxing)
 .comment       0x00000043        0x0 ./Drivers/STM32F1xx_HAL_Driver/Src/stm32f1xx_hal_tim.o
                                 0x44 (size before relaxing)
 .comment       0x00000043        0x0 ./Drivers/STM32F1xx_HAL_Driver/Src/stm32f1xx_hal_tim_ex.o
                                 0x44 (size before relaxing)

.debug_frame    0x00000000     0x4a24
 .debug_frame   0x00000000       0x54 ./Core/Src/general.o
 .debug_frame   0x00000054       0x5c ./Core/Src/led.o
 .debug_frame   0x000000b0      0x110 ./Core/Src/main.o
 .debug_frame   0x000001c0      0x110 ./Core/Src/motor.o
 .debug_frame   0x000002d0      0x1d0 ./Core/Src/nrf24_rx.o
 .debug_frame   0x000004a0      0x144 ./Core/Src/oled.o
 .debug_frame   0x000005e4      0x134 ./Core/Src/stm32f1xx_hal_msp.o
 .debug_frame   0x00000718      0x120 ./Core/Src/stm32f1xx_it.o
 .debug_frame   0x00000838       0x34 ./Core/Src/sysmem.o
 .debug_frame   0x0000086c       0x58 ./Core/Src/system_stm32f1xx.o
 .debug_frame   0x000008c4       0x38 ./Drivers/Middlewares/SSD1306/fonts.o
 .debug_frame   0x000008fc      0x414 ./Drivers/Middlewares/SSD1306/ssd1306.o
 .debug_frame   0x00000d10      0x334 ./Drivers/STM32F1xx_HAL_Driver/Src/stm32f1xx_hal.o
 .debug_frame   0x00001044      0x428 ./Drivers/STM32F1xx_HAL_Driver/Src/stm32f1xx_hal_cortex.o
 .debug_frame   0x0000146c      0x14c ./Drivers/STM32F1xx_HAL_Driver/Src/stm32f1xx_hal_gpio.o
 .debug_frame   0x000015b8      0xc84 ./Drivers/STM32F1xx_HAL_Driver/Src/stm32f1xx_hal_i2c.o
 .debug_frame   0x0000223c      0x218 ./Drivers/STM32F1xx_HAL_Driver/Src/stm32f1xx_hal_rcc.o
 .debug_frame   0x00002454      0x824 ./Drivers/STM32F1xx_HAL_Driver/Src/stm32f1xx_hal_spi.o
 .debug_frame   0x00002c78     0x11b8 ./Drivers/STM32F1xx_HAL_Driver/Src/stm32f1xx_hal_tim.o
 .debug_frame   0x00003e30      0x638 ./Drivers/STM32F1xx_HAL_Driver/Src/stm32f1xx_hal_tim_ex.o
 .debug_frame   0x00004468      0x144 E:/Program files/STM32CubeIDE_1.18.1/STM32CubeIDE/plugins/com.st.stm32cube.ide.mcu.externaltools.gnu-tools-for-stm32.13.3.rel1.win32_1.0.100.202509120712/tools/bin/../lib/gcc/arm-none-eabi/13.3.1/../../../../arm-none-eabi/lib/thumb/v7-m/nofp\libc_nano.a(libc_a-findfp.o)
 .debug_frame   0x000045ac       0x7c E:/Program files/STM32CubeIDE_1.18.1/STM32CubeIDE/plugins/com.st.stm32cube.ide.mcu.externaltools.gnu-tools-for-stm32.13.3.rel1.win32_1.0.100.202509120712/tools/bin/../lib/gcc/arm-none-eabi/13.3.1/../../../../arm-none-eabi/lib/thumb/v7-m/nofp\libc_nano.a(libc_a-snprintf.o)
 .debug_frame   0x00004628       0x20 E:/Program files/STM32CubeIDE_1.18.1/STM32CubeIDE/plugins/com.st.stm32cube.ide.mcu.externaltools.gnu-tools-for-stm32.13.3.rel1.win32_1.0.100.202509120712/tools/bin/../lib/gcc/arm-none-eabi/13.3.1/../../../../arm-none-eabi/lib/thumb/v7-m/nofp\libc_nano.a(libc_a-memset.o)
 .debug_frame   0x00004648       0x38 E:/Program files/STM32CubeIDE_1.18.1/STM32CubeIDE/plugins/com.st.stm32cube.ide.mcu.externaltools.gnu-tools-for-stm32.13.3.rel1.win32_1.0.100.202509120712/tools/bin/../lib/gcc/arm-none-eabi/13.3.1/../../../../arm-none-eabi/lib/thumb/v7-m/nofp\libc_nano.a(libc_a-reent.o)
 .debug_frame   0x00004680       0x20 E:/Program files/STM32CubeIDE_1.18.1/STM32CubeIDE/plugins/com.st.stm32cube.ide.mcu.externaltools.gnu-tools-for-stm32.13.3.rel1.win32_1.0.100.202509120712/tools/bin/../lib/gcc/arm-none-eabi/13.3.1/../../../../arm-none-eabi/lib/thumb/v7-m/nofp\libc_nano.a(libc_a-errno.o)
 .debug_frame   0x000046a0       0x2c E:/Program files/STM32CubeIDE_1.18.1/STM32CubeIDE/plugins/com.st.stm32cube.ide.mcu.externaltools.gnu-tools-for-stm32.13.3.rel1.win32_1.0.100.202509120712/tools/bin/../lib/gcc/arm-none-eabi/13.3.1/../../../../arm-none-eabi/lib/thumb/v7-m/nofp\libc_nano.a(libc_a-init.o)
 .debug_frame   0x000046cc       0xb0 E:/Program files/STM32CubeIDE_1.18.1/STM32CubeIDE/plugins/com.st.stm32cube.ide.mcu.externaltools.gnu-tools-for-stm32.13.3.rel1.win32_1.0.100.202509120712/tools/bin/../lib/gcc/arm-none-eabi/13.3.1/../../../../arm-none-eabi/lib/thumb/v7-m/nofp\libc_nano.a(libc_a-lock.o)
 .debug_frame   0x0000477c       0x38 E:/Program files/STM32CubeIDE_1.18.1/STM32CubeIDE/plugins/com.st.stm32cube.ide.mcu.externaltools.gnu-tools-for-stm32.13.3.rel1.win32_1.0.100.202509120712/tools/bin/../lib/gcc/arm-none-eabi/13.3.1/../../../../arm-none-eabi/lib/thumb/v7-m/nofp\libc_nano.a(libc_a-freer.o)
 .debug_frame   0x000047b4       0x50 E:/Program files/STM32CubeIDE_1.18.1/STM32CubeIDE/plugins/com.st.stm32cube.ide.mcu.externaltools.gnu-tools-for-stm32.13.3.rel1.win32_1.0.100.202509120712/tools/bin/../lib/gcc/arm-none-eabi/13.3.1/../../../../arm-none-eabi/lib/thumb/v7-m/nofp\libc_nano.a(libc_a-mallocr.o)
 .debug_frame   0x00004804       0x30 E:/Program files/STM32CubeIDE_1.18.1/STM32CubeIDE/plugins/com.st.stm32cube.ide.mcu.externaltools.gnu-tools-for-stm32.13.3.rel1.win32_1.0.100.202509120712/tools/bin/../lib/gcc/arm-none-eabi/13.3.1/../../../../arm-none-eabi/lib/thumb/v7-m/nofp\libc_nano.a(libc_a-mlock.o)
 .debug_frame   0x00004834       0x90 E:/Program files/STM32CubeIDE_1.18.1/STM32CubeIDE/plugins/com.st.stm32cube.ide.mcu.externaltools.gnu-tools-for-stm32.13.3.rel1.win32_1.0.100.202509120712/tools/bin/../lib/gcc/arm-none-eabi/13.3.1/../../../../arm-none-eabi/lib/thumb/v7-m/nofp\libc_nano.a(libc_a-nano-svfprintf.o)
 .debug_frame   0x000048c4       0x60 E:/Program files/STM32CubeIDE_1.18.1/STM32CubeIDE/plugins/com.st.stm32cube.ide.mcu.externaltools.gnu-tools-for-stm32.13.3.rel1.win32_1.0.100.202509120712/tools/bin/../lib/gcc/arm-none-eabi/13.3.1/../../../../arm-none-eabi/lib/thumb/v7-m/nofp\libc_nano.a(libc_a-nano-vfprintf_i.o)
 .debug_frame   0x00004924       0x28 E:/Program files/STM32CubeIDE_1.18.1/STM32CubeIDE/plugins/com.st.stm32cube.ide.mcu.externaltools.gnu-tools-for-stm32.13.3.rel1.win32_1.0.100.202509120712/tools/bin/../lib/gcc/arm-none-eabi/13.3.1/../../../../arm-none-eabi/lib/thumb/v7-m/nofp\libc_nano.a(libc_a-memmove.o)
 .debug_frame   0x0000494c       0x2c E:/Program files/STM32CubeIDE_1.18.1/STM32CubeIDE/plugins/com.st.stm32cube.ide.mcu.externaltools.gnu-tools-for-stm32.13.3.rel1.win32_1.0.100.202509120712/tools/bin/../lib/gcc/arm-none-eabi/13.3.1/../../../../arm-none-eabi/lib/thumb/v7-m/nofp\libc_nano.a(libc_a-sbrkr.o)
 .debug_frame   0x00004978       0x28 E:/Program files/STM32CubeIDE_1.18.1/STM32CubeIDE/plugins/com.st.stm32cube.ide.mcu.externaltools.gnu-tools-for-stm32.13.3.rel1.win32_1.0.100.202509120712/tools/bin/../lib/gcc/arm-none-eabi/13.3.1/../../../../arm-none-eabi/lib/thumb/v7-m/nofp\libc_nano.a(libc_a-memchr-stub.o)
 .debug_frame   0x000049a0       0x28 E:/Program files/STM32CubeIDE_1.18.1/STM32CubeIDE/plugins/com.st.stm32cube.ide.mcu.externaltools.gnu-tools-for-stm32.13.3.rel1.win32_1.0.100.202509120712/tools/bin/../lib/gcc/arm-none-eabi/13.3.1/../../../../arm-none-eabi/lib/thumb/v7-m/nofp\libc_nano.a(libc_a-memcpy-stub.o)
 .debug_frame   0x000049c8       0x3c E:/Program files/STM32CubeIDE_1.18.1/STM32CubeIDE/plugins/com.st.stm32cube.ide.mcu.externaltools.gnu-tools-for-stm32.13.3.rel1.win32_1.0.100.202509120712/tools/bin/../lib/gcc/arm-none-eabi/13.3.1/../../../../arm-none-eabi/lib/thumb/v7-m/nofp\libc_nano.a(libc_a-reallocr.o)
 .debug_frame   0x00004a04       0x20 E:/Program files/STM32CubeIDE_1.18.1/STM32CubeIDE/plugins/com.st.stm32cube.ide.mcu.externaltools.gnu-tools-for-stm32.13.3.rel1.win32_1.0.100.202509120712/tools/bin/../lib/gcc/arm-none-eabi/13.3.1/../../../../arm-none-eabi/lib/thumb/v7-m/nofp\libc_nano.a(libc_a-msizer.o)

.debug_line_str
                0x00000000       0x73
 .debug_line_str
                0x00000000       0x73 ./Core/Startup/startup_stm32f103c8tx.o
