../Core/Src/nrf24_rx.c:31:13:CSN_Low	8	static
../Core/Src/nrf24_rx.c:32:13:CSN_High	8	static
../Core/Src/nrf24_rx.c:33:13:CE_Low	8	static
../Core/Src/nrf24_rx.c:34:13:CE_High	8	static
../Core/Src/nrf24_rx.c:36:16:SPI_RW	32	static
../Core/Src/nrf24_rx.c:42:13:NRF_WriteReg	16	static
../Core/Src/nrf24_rx.c:49:16:NRF_ReadReg	24	static
../Core/Src/nrf24_rx.c:62:6:NRF24_Init	16	static
../Core/Src/nrf24_rx.c:91:6:NRF24_HandleIRQ	32	static
../Core/Src/nrf24_rx.c:128:16:NRF24_GetLatest	4	static
../Core/Src/nrf24_rx.c:136:6:NRF24_IsConnected	8	static
../Core/Src/nrf24_rx.c:141:9:NRF24_ReadStatus	16	static
../Core/Src/nrf24_rx.c:149:9:NRF24_ReadFIFO	8	static
../Core/Src/nrf24_rx.c:154:9:NRF24_ReadChannel	8	static
