../Core/Src/nrf24_rx.c:22:13:CSN_Low	8	static
../Core/Src/nrf24_rx.c:23:13:CSN_High	8	static
../Core/Src/nrf24_rx.c:24:13:CE_Low	8	static
../Core/Src/nrf24_rx.c:25:13:CE_High	8	static
../Core/Src/nrf24_rx.c:27:16:SPI_RW	32	static
../Core/Src/nrf24_rx.c:33:13:NRF_WriteReg	16	static
../Core/Src/nrf24_rx.c:40:16:NRF_ReadReg	24	static
../Core/Src/nrf24_rx.c:53:6:NRF24_Init	32	static
../Core/Src/nrf24_rx.c:93:6:NRF24_HandleIRQ	24	static
../Core/Src/nrf24_rx.c:117:16:NRF24_GetLatest	4	static
../Core/Src/nrf24_rx.c:125:6:NRF24_IsConnected	8	static
../Core/Src/nrf24_rx.c:130:9:NRF24_ReadStatus	16	static
../Core/Src/nrf24_rx.c:138:9:NRF24_ReadFIFO	8	static
../Core/Src/nrf24_rx.c:143:9:NRF24_ReadChannel	8	static
