../Core/Src/stm32f1xx_it.c:7:6:NMI_Handler	4	static
../Core/Src/stm32f1xx_it.c:16:6:HardFault_Handler	4	static
../Core/Src/stm32f1xx_it.c:24:6:MemManage_Handler	4	static
../Core/Src/stm32f1xx_it.c:33:6:BusFault_Handler	4	static
../Core/Src/stm32f1xx_it.c:40:6:UsageFault_Handler	4	static
../Core/Src/stm32f1xx_it.c:47:6:SVC_Handler	4	static
../Core/Src/stm32f1xx_it.c:51:6:DebugMon_Handler	4	static
../Core/Src/stm32f1xx_it.c:55:6:PendSV_Handler	4	static
../Core/Src/stm32f1xx_it.c:59:6:SysTick_Handler	8	static
../Core/Src/stm32f1xx_it.c:66:6:EXTI9_5_IRQHandler	8	static
